
> @tejj/api@0.1.0 build
> tsc -p tsconfig.json

src/routes/analytics.ts(21,47): error TS2769: No overload matches this call.
  Overload 1 of 4, '(filter?: _QueryFilter<{ _id: ObjectId; created_at: Date; updated_at: Date; $assertPopulated: <Paths = {}>(path: string | string[], values?: Partial<Paths> | undefined) => PopulateDocumentResult<...>; ... 350 more ...; "auto_post_template_id.validateAll": (validators: (RegExp | ... 1 more ... | ValidatorFunction<...>)[]) => ObjectId; }> | undefined, projection?: ProjectionType<...> | ... 1 more ... | undefined, options?: (QueryOptions<...> & Abortable) | ... 1 more ... | undefined): Query<...>', gave the following error.
    Type 'ObjectId' is not assignable to type 'StrictCondition<ApplyBasicQueryCasting<ObjectId>> | undefined'.
      Type 'ObjectId' is not assignable to type 'RemoveIndexSignature<FilterOperators<ObjectId | ObjectId[] | null>>'.
        Types of property 'id' are incompatible.
          Type 'Uint8Array<ArrayBufferLike>' is not assignable to type 'undefined'.
  Overload 2 of 4, '(filter?: Query<any, any, {}, unknown, "find", Record<string, never>> | undefined, projection?: ProjectionType<IEmployer> | null | undefined, options?: (QueryOptions<...> & Abortable) | ... 1 more ... | undefined): Query<...>', gave the following error.
    Object literal may only specify known properties, and 'user_id' does not exist in type 'Query<any, any, {}, unknown, "find", Record<string, never>>'.
src/routes/analytics.ts(27,28): error TS2769: No overload matches this call.
  Overload 1 of 2, '(filter?: _QueryFilter<{ _id: ObjectId; created_at: Date; updated_at: Date; $assertPopulated: <Paths = {}>(path: string | string[], values?: Partial<Paths> | undefined) => PopulateDocumentResult<...>; ... 318 more ...; "template_id.validateAll": (validators: (RegExp | ... 1 more ... | ValidatorFunction<...>)[]) => ObjectId; }> | undefined, options?: (CountOptions & ... 2 more ... & Abortable) | ... 1 more ... | undefined): Query<...>', gave the following error.
    Type 'ObjectId' is not assignable to type 'StrictCondition<ApplyBasicQueryCasting<ObjectId>> | undefined'.
      Type 'ObjectId' is not assignable to type 'RemoveIndexSignature<FilterOperators<ObjectId | ObjectId[] | null>>'.
        Types of property 'id' are incompatible.
          Type 'Uint8Array<ArrayBufferLike>' is not assignable to type 'undefined'.
  Overload 2 of 2, '(filter?: Query<any, any, {}, unknown, "find", Record<string, never>> | undefined, options?: (CountOptions & Pick<QueryOptions<IJob>, "timestamps" | ... 1 more ... | "lean"> & { ...; } & Abortable) | null | undefined): Query<...>', gave the following error.
    Object literal may only specify known properties, and 'employer_id' does not exist in type 'Query<any, any, {}, unknown, "find", Record<string, never>>'.
src/routes/analytics.ts(28,20): error TS2769: No overload matches this call.
  Overload 1 of 4, '(filter?: _QueryFilter<{ _id: ObjectId; created_at: Date; $assertPopulated: <Paths = {}>(path: string | string[], values?: Partial<Paths> | undefined) => PopulateDocumentResult<IMatch, Paths, (Omit<...> & PopulatePathToRawDocType<...>)[] | ... 1 more ... | null, any>; ... 375 more ...; "employer_rating_id.validateAll": (validators: (RegExp | ... 1 more ... | ValidatorFunction<...>)[]) => ObjectId; }> | undefined, projection?: ProjectionType<...> | ... 1 more ... | undefined, options?: (QueryOptions<...> & Abortable) | undefined): Query<...>', gave the following error.
    Type 'ObjectId' is not assignable to type 'StrictCondition<ApplyBasicQueryCasting<ObjectId>> | undefined'.
      Type 'ObjectId' is not assignable to type 'RemoveIndexSignature<FilterOperators<ObjectId | ObjectId[] | null>>'.
        Types of property 'id' are incompatible.
          Type 'Uint8Array<ArrayBufferLike>' is not assignable to type 'undefined'.
  Overload 2 of 4, '(filter?: Query<any, any, {}, unknown, "find", Record<string, never>> | undefined, projection?: ProjectionType<IMatch> | null | undefined, options?: (QueryOptions<...> & Abortable) | undefined): Query<...>', gave the following error.
    Object literal may only specify known properties, and 'employer_id' does not exist in type 'Query<any, any, {}, unknown, "find", Record<string, never>>'.
src/routes/analytics.ts(29,27): error TS2769: No overload matches this call.
  Overload 1 of 4, '(filter?: _QueryFilter<{ _id: ObjectId; created_at: Date; $assertPopulated: <Paths = {}>(path: string | string[], values?: Partial<Paths> | undefined) => PopulateDocumentResult<IRatingWorker, Paths, (Omit<...> & PopulatePathToRawDocType<...>)[] | ... 1 more ... | null, any>; ... 309 more ...; "match_id.validateAll": (validators: (RegExp | ... 1 more ... | ValidatorFunction<...>)[]) => ObjectId; }> | undefined, projection?: ProjectionType<...> | ... 1 more ... | undefined, options?: (QueryOptions<...> & Abortable) | undefined): Query<...>', gave the following error.
    Type 'ObjectId' is not assignable to type 'StrictCondition<ApplyBasicQueryCasting<ObjectId>> | undefined'.
      Type 'ObjectId' is not assignable to type 'RemoveIndexSignature<FilterOperators<ObjectId | ObjectId[] | null>>'.
        Types of property 'id' are incompatible.
          Type 'Uint8Array<ArrayBufferLike>' is not assignable to type 'undefined'.
  Overload 2 of 4, '(filter?: Query<any, any, {}, unknown, "find", Record<string, never>> | undefined, projection?: ProjectionType<IRatingWorker> | null | undefined, options?: (QueryOptions<...> & Abortable) | undefined): Query<...>', gave the following error.
    Object literal may only specify known properties, and 'employer_id' does not exist in type 'Query<any, any, {}, unknown, "find", Record<string, never>>'.
src/routes/analytics.ts(41,41): error TS2769: No overload matches this call.
  Overload 1 of 4, '(filter?: _QueryFilter<{ _id: ObjectId; created_at: Date; updated_at: Date; $assertPopulated: <Paths = {}>(path: string | string[], values?: Partial<Paths> | undefined) => PopulateDocumentResult<...>; ... 318 more ...; "template_id.validateAll": (validators: (RegExp | ... 1 more ... | ValidatorFunction<...>)[]) => ObjectId; }> | undefined, projection?: ProjectionType<...> | ... 1 more ... | undefined, options?: (QueryOptions<...> & Abortable) | undefined): Query<...>', gave the following error.
    Type 'ObjectId' is not assignable to type 'StrictCondition<ApplyBasicQueryCasting<ObjectId>> | undefined'.
      Type 'ObjectId' is not assignable to type 'RemoveIndexSignature<FilterOperators<ObjectId | ObjectId[] | null>>'.
        Types of property 'id' are incompatible.
          Type 'Uint8Array<ArrayBufferLike>' is not assignable to type 'undefined'.
  Overload 2 of 4, '(filter?: Query<any, any, {}, unknown, "find", Record<string, never>> | undefined, projection?: ProjectionType<IJob> | null | undefined, options?: (QueryOptions<...> & Abortable) | undefined): Query<...>', gave the following error.
    Object literal may only specify known properties, and 'employer_id' does not exist in type 'Query<any, any, {}, unknown, "find", Record<string, never>>'.
src/routes/applications.ts(15,41): error TS2769: No overload matches this call.
  Overload 1 of 4, '(filter?: _QueryFilter<{ _id: ObjectId; fcm_token: string; created_at: Date; updated_at: Date; $assertPopulated: <Paths = {}>(path: string | string[], values?: Partial<Paths> | undefined) => PopulateDocumentResult<...>; ... 389 more ...; "referred_by_admin_id.validateAll": (validators: (RegExp | ... 1 more ... | ValidatorFunction<...>)[]) => ObjectId; }> | undefined, projection?: ProjectionType<...> | ... 1 more ... | undefined, options?: (QueryOptions<...> & Abortable) | ... 1 more ... | undefined): Query<...>', gave the following error.
    Type 'string' is not assignable to type 'StrictCondition<ApplyBasicQueryCasting<ObjectId>> | undefined'.
  Overload 2 of 4, '(filter?: Query<any, any, {}, unknown, "find", Record<string, never>> | undefined, projection?: ProjectionType<IWorker> | null | undefined, options?: (QueryOptions<...> & Abortable) | ... 1 more ... | undefined): Query<...>', gave the following error.
    Object literal may only specify known properties, and 'user_id' does not exist in type 'Query<any, any, {}, unknown, "find", Record<string, never>>'.
src/routes/applications.ts(28,38): error TS2769: No overload matches this call.
  Overload 1 of 4, '(filter?: _QueryFilter<{ _id: ObjectId; created_at: Date; updated_at: Date; $assertPopulated: <Paths = {}>(path: string | string[], values?: Partial<Paths> | undefined) => PopulateDocumentResult<...>; ... 309 more ...; "killer_answers.answer": string; }> | undefined, projection?: ProjectionType<...> | ... 1 more ... | undefined, options?: (QueryOptions<...> & Abortable) | ... 1 more ... | undefined): Query<...>', gave the following error.
    Type 'ObjectId' is not assignable to type 'StrictCondition<ApplyBasicQueryCasting<ObjectId>> | undefined'.
      Type 'ObjectId' is not assignable to type 'RemoveIndexSignature<FilterOperators<ObjectId | ObjectId[] | null>>'.
        Types of property 'id' are incompatible.
          Type 'Uint8Array<ArrayBufferLike>' is not assignable to type 'undefined'.
  Overload 2 of 4, '(filter?: Query<any, any, {}, unknown, "find", Record<string, never>> | undefined, projection?: ProjectionType<IApplication> | null | undefined, options?: (QueryOptions<...> & Abortable) | ... 1 more ... | undefined): Query<...>', gave the following error.
    Object literal may only specify known properties, and 'job_id' does not exist in type 'Query<any, any, {}, unknown, "find", Record<string, never>>'.
src/routes/applications.ts(52,5): error TS2769: No overload matches this call.
  The last overload gave the following error.
    Type 'ObjectId' is not assignable to type '{ readonly schemaName?: "ObjectId" | undefined; auto?: ((turnOn: boolean) => ObjectId) | undefined; $conditionalHandlers?: { [x: string]: ((val: any, context: any) => any) | undefined; } | undefined; ... 23 more ...; validateAll?: ((validators: (RegExp | ... 1 more ... | ValidatorFunction<...>)[]) => ObjectId) | und...'.
      Type 'ObjectId' is not assignable to type '{ [x: string]: unknown; readonly schemaName?: StringQueryTypeCasting | undefined; auto?: ((turnOn: boolean) => ObjectId) | undefined; $conditionalHandlers?: { ...; } | ... 1 more ... | undefined; ... 23 more ...; validateAll?: ((validators: (RegExp | ... 1 more ... | ValidatorFunction<...>)[]) => ObjectId) | undefin...'.
        Index signature for type 'string' is missing in type 'ObjectId'.
src/routes/applications.ts(71,43): error TS2339: Property '_id' does not exist on type 'never'.
src/routes/applications.ts(84,66): error TS2339: Property '_id' does not exist on type 'never'.
src/routes/applications.ts(84,99): error TS2339: Property '_id' does not exist on type 'never'.
src/routes/applications.ts(89,41): error TS2769: No overload matches this call.
  Overload 1 of 4, '(filter?: _QueryFilter<{ _id: ObjectId; fcm_token: string; created_at: Date; updated_at: Date; $assertPopulated: <Paths = {}>(path: string | string[], values?: Partial<Paths> | undefined) => PopulateDocumentResult<...>; ... 389 more ...; "referred_by_admin_id.validateAll": (validators: (RegExp | ... 1 more ... | ValidatorFunction<...>)[]) => ObjectId; }> | undefined, projection?: ProjectionType<...> | ... 1 more ... | undefined, options?: (QueryOptions<...> & Abortable) | ... 1 more ... | undefined): Query<...>', gave the following error.
    Type 'string' is not assignable to type 'StrictCondition<ApplyBasicQueryCasting<ObjectId>> | undefined'.
  Overload 2 of 4, '(filter?: Query<any, any, {}, unknown, "find", Record<string, never>> | undefined, projection?: ProjectionType<IWorker> | null | undefined, options?: (QueryOptions<...> & Abortable) | ... 1 more ... | undefined): Query<...>', gave the following error.
    Object literal may only specify known properties, and 'user_id' does not exist in type 'Query<any, any, {}, unknown, "find", Record<string, never>>'.
src/routes/applications.ts(130,45): error TS2769: No overload matches this call.
  Overload 1 of 4, '(filter?: _QueryFilter<{ _id: ObjectId; created_at: Date; updated_at: Date; $assertPopulated: <Paths = {}>(path: string | string[], values?: Partial<Paths> | undefined) => PopulateDocumentResult<...>; ... 350 more ...; "auto_post_template_id.validateAll": (validators: (RegExp | ... 1 more ... | ValidatorFunction<...>)[]) => ObjectId; }> | undefined, projection?: ProjectionType<...> | ... 1 more ... | undefined, options?: (QueryOptions<...> & Abortable) | ... 1 more ... | undefined): Query<...>', gave the following error.
    Type 'string' is not assignable to type 'StrictCondition<ApplyBasicQueryCasting<ObjectId>> | undefined'.
  Overload 2 of 4, '(filter?: Query<any, any, {}, unknown, "find", Record<string, never>> | undefined, projection?: ProjectionType<IEmployer> | null | undefined, options?: (QueryOptions<...> & Abortable) | ... 1 more ... | undefined): Query<...>', gave the following error.
    Object literal may only specify known properties, and 'user_id' does not exist in type 'Query<any, any, {}, unknown, "find", Record<string, never>>'.
src/routes/applications.ts(138,49): error TS2769: No overload matches this call.
  Overload 2 of 4, '(filter?: Query<any, any, {}, unknown, "find", Record<string, never>> | undefined, projection?: ProjectionType<IApplication> | null | undefined, options?: (QueryOptions<...> & Abortable) | undefined): Query<...>', gave the following error.
    Object literal may only specify known properties, and 'job_id' does not exist in type 'Query<any, any, {}, unknown, "find", Record<string, never>>'.
src/routes/applications.ts(163,45): error TS2769: No overload matches this call.
  Overload 1 of 4, '(filter?: _QueryFilter<{ _id: ObjectId; created_at: Date; updated_at: Date; $assertPopulated: <Paths = {}>(path: string | string[], values?: Partial<Paths> | undefined) => PopulateDocumentResult<...>; ... 350 more ...; "auto_post_template_id.validateAll": (validators: (RegExp | ... 1 more ... | ValidatorFunction<...>)[]) => ObjectId; }> | undefined, projection?: ProjectionType<...> | ... 1 more ... | undefined, options?: (QueryOptions<...> & Abortable) | ... 1 more ... | undefined): Query<...>', gave the following error.
    Type 'string' is not assignable to type 'StrictCondition<ApplyBasicQueryCasting<ObjectId>> | undefined'.
  Overload 2 of 4, '(filter?: Query<any, any, {}, unknown, "find", Record<string, never>> | undefined, projection?: ProjectionType<IEmployer> | null | undefined, options?: (QueryOptions<...> & Abortable) | ... 1 more ... | undefined): Query<...>', gave the following error.
    Object literal may only specify known properties, and 'user_id' does not exist in type 'Query<any, any, {}, unknown, "find", Record<string, never>>'.
src/routes/applications.ts(177,7): error TS2769: No overload matches this call.
  The last overload gave the following error.
    Object literal may only specify known properties, and '_id' does not exist in type 'Query<any, any, {}, unknown, "find", Record<string, never>>'.
src/routes/applications.ts(193,45): error TS2769: No overload matches this call.
  Overload 1 of 4, '(filter?: _QueryFilter<{ _id: ObjectId; created_at: Date; updated_at: Date; $assertPopulated: <Paths = {}>(path: string | string[], values?: Partial<Paths> | undefined) => PopulateDocumentResult<...>; ... 350 more ...; "auto_post_template_id.validateAll": (validators: (RegExp | ... 1 more ... | ValidatorFunction<...>)[]) => ObjectId; }> | undefined, projection?: ProjectionType<...> | ... 1 more ... | undefined, options?: (QueryOptions<...> & Abortable) | ... 1 more ... | undefined): Query<...>', gave the following error.
    Type 'string' is not assignable to type 'StrictCondition<ApplyBasicQueryCasting<ObjectId>> | undefined'.
  Overload 2 of 4, '(filter?: Query<any, any, {}, unknown, "find", Record<string, never>> | undefined, projection?: ProjectionType<IEmployer> | null | undefined, options?: (QueryOptions<...> & Abortable) | ... 1 more ... | undefined): Query<...>', gave the following error.
    Object literal may only specify known properties, and 'user_id' does not exist in type 'Query<any, any, {}, unknown, "find", Record<string, never>>'.
src/routes/applications.ts(200,7): error TS2769: No overload matches this call.
  The last overload gave the following error.
    Object literal may only specify known properties, and '_id' does not exist in type 'Query<any, any, {}, unknown, "find", Record<string, never>>'.
src/routes/auth.ts(107,28): error TS2769: No overload matches this call.
  Overload 1 of 4, '(filter?: _QueryFilter<{ _id: ObjectId; fcm_token: string; created_at: Date; updated_at: Date; $assertPopulated: <Paths = {}>(path: string | string[], values?: Partial<Paths> | undefined) => PopulateDocumentResult<...>; ... 389 more ...; "referred_by_admin_id.validateAll": (validators: (RegExp | ... 1 more ... | ValidatorFunction<...>)[]) => ObjectId; }> | undefined, projection?: ProjectionType<...> | ... 1 more ... | undefined, options?: (QueryOptions<...> & Abortable) | ... 1 more ... | undefined): Query<...>', gave the following error.
    Type 'ObjectId' is not assignable to type 'StrictCondition<ApplyBasicQueryCasting<ObjectId>> | undefined'.
      Type 'ObjectId' is not assignable to type 'RemoveIndexSignature<FilterOperators<ObjectId | ObjectId[] | null>>'.
        Types of property 'id' are incompatible.
          Type 'Uint8Array<ArrayBufferLike>' is not assignable to type 'undefined'.
  Overload 2 of 4, '(filter?: Query<any, any, {}, unknown, "find", Record<string, never>> | undefined, projection?: ProjectionType<IWorker> | null | undefined, options?: (QueryOptions<...> & Abortable) | ... 1 more ... | undefined): Query<...>', gave the following error.
    Object literal may only specify known properties, and 'user_id' does not exist in type 'Query<any, any, {}, unknown, "find", Record<string, never>>'.
src/routes/auth.ts(113,30): error TS2769: No overload matches this call.
  Overload 1 of 4, '(filter?: _QueryFilter<{ _id: ObjectId; created_at: Date; updated_at: Date; $assertPopulated: <Paths = {}>(path: string | string[], values?: Partial<Paths> | undefined) => PopulateDocumentResult<...>; ... 350 more ...; "auto_post_template_id.validateAll": (validators: (RegExp | ... 1 more ... | ValidatorFunction<...>)[]) => ObjectId; }> | undefined, projection?: ProjectionType<...> | ... 1 more ... | undefined, options?: (QueryOptions<...> & Abortable) | ... 1 more ... | undefined): Query<...>', gave the following error.
    Type 'ObjectId' is not assignable to type 'StrictCondition<ApplyBasicQueryCasting<ObjectId>> | undefined'.
      Type 'ObjectId' is not assignable to type 'RemoveIndexSignature<FilterOperators<ObjectId | ObjectId[] | null>>'.
        Types of property 'id' are incompatible.
          Type 'Uint8Array<ArrayBufferLike>' is not assignable to type 'undefined'.
  Overload 2 of 4, '(filter?: Query<any, any, {}, unknown, "find", Record<string, never>> | undefined, projection?: ProjectionType<IEmployer> | null | undefined, options?: (QueryOptions<...> & Abortable) | ... 1 more ... | undefined): Query<...>', gave the following error.
    Object literal may only specify known properties, and 'user_id' does not exist in type 'Query<any, any, {}, unknown, "find", Record<string, never>>'.
src/routes/crew-pools.ts(10,45): error TS2769: No overload matches this call.
  Overload 1 of 4, '(filter?: _QueryFilter<{ _id: ObjectId; created_at: Date; updated_at: Date; $assertPopulated: <Paths = {}>(path: string | string[], values?: Partial<Paths> | undefined) => PopulateDocumentResult<...>; ... 350 more ...; "auto_post_template_id.validateAll": (validators: (RegExp | ... 1 more ... | ValidatorFunction<...>)[]) => ObjectId; }> | undefined, projection?: ProjectionType<...> | ... 1 more ... | undefined, options?: (QueryOptions<...> & Abortable) | ... 1 more ... | undefined): Query<...>', gave the following error.
    Type 'string' is not assignable to type 'StrictCondition<ApplyBasicQueryCasting<ObjectId>> | undefined'.
  Overload 2 of 4, '(filter?: Query<any, any, {}, unknown, "find", Record<string, never>> | undefined, projection?: ProjectionType<IEmployer> | null | undefined, options?: (QueryOptions<...> & Abortable) | ... 1 more ... | undefined): Query<...>', gave the following error.
    Object literal may only specify known properties, and 'user_id' does not exist in type 'Query<any, any, {}, unknown, "find", Record<string, never>>'.
src/routes/crew-pools.ts(16,39): error TS2769: No overload matches this call.
  Overload 1 of 4, '(filter?: _QueryFilter<{ _id: ObjectId; created_at: Date; $assertPopulated: <Paths = {}>(path: string | string[], values?: Partial<Paths> | undefined) => PopulateDocumentResult<ICrewPool, Paths, (Omit<...> & PopulatePathToRawDocType<...>)[] | ... 1 more ... | null, any>; ... 248 more ...; pool_name: string; }> | undefined, projection?: ProjectionType<...> | ... 1 more ... | undefined, options?: (QueryOptions<...> & Abortable) | undefined): Query<...>', gave the following error.
    Type 'ObjectId' is not assignable to type 'StrictCondition<ApplyBasicQueryCasting<ObjectId>> | undefined'.
      Type 'ObjectId' is not assignable to type 'RemoveIndexSignature<FilterOperators<ObjectId | ObjectId[] | null>>'.
        Types of property 'id' are incompatible.
          Type 'Uint8Array<ArrayBufferLike>' is not assignable to type 'undefined'.
  Overload 2 of 4, '(filter?: Query<any, any, {}, unknown, "find", Record<string, never>> | undefined, projection?: ProjectionType<ICrewPool> | null | undefined, options?: (QueryOptions<...> & Abortable) | undefined): Query<...>', gave the following error.
    Object literal may only specify known properties, and 'employer_id' does not exist in type 'Query<any, any, {}, unknown, "find", Record<string, never>>'.
src/routes/crew-pools.ts(35,45): error TS2769: No overload matches this call.
  Overload 1 of 4, '(filter?: _QueryFilter<{ _id: ObjectId; created_at: Date; updated_at: Date; $assertPopulated: <Paths = {}>(path: string | string[], values?: Partial<Paths> | undefined) => PopulateDocumentResult<...>; ... 350 more ...; "auto_post_template_id.validateAll": (validators: (RegExp | ... 1 more ... | ValidatorFunction<...>)[]) => ObjectId; }> | undefined, projection?: ProjectionType<...> | ... 1 more ... | undefined, options?: (QueryOptions<...> & Abortable) | ... 1 more ... | undefined): Query<...>', gave the following error.
    Type 'string' is not assignable to type 'StrictCondition<ApplyBasicQueryCasting<ObjectId>> | undefined'.
  Overload 2 of 4, '(filter?: Query<any, any, {}, unknown, "find", Record<string, never>> | undefined, projection?: ProjectionType<IEmployer> | null | undefined, options?: (QueryOptions<...> & Abortable) | ... 1 more ... | undefined): Query<...>', gave the following error.
    Object literal may only specify known properties, and 'user_id' does not exist in type 'Query<any, any, {}, unknown, "find", Record<string, never>>'.
src/routes/crew-pools.ts(47,5): error TS2769: No overload matches this call.
  The last overload gave the following error.
    Type 'ObjectId' is not assignable to type '{ readonly schemaName?: "ObjectId" | undefined; auto?: ((turnOn: boolean) => ObjectId) | undefined; $conditionalHandlers?: { [x: string]: ((val: any, context: any) => any) | undefined; } | undefined; ... 23 more ...; validateAll?: ((validators: (RegExp | ... 1 more ... | ValidatorFunction<...>)[]) => ObjectId) | und...'.
      Type 'ObjectId' is not assignable to type '{ [x: string]: unknown; readonly schemaName?: StringQueryTypeCasting | undefined; auto?: ((turnOn: boolean) => ObjectId) | undefined; $conditionalHandlers?: { ...; } | ... 1 more ... | undefined; ... 23 more ...; validateAll?: ((validators: (RegExp | ... 1 more ... | ValidatorFunction<...>)[]) => ObjectId) | undefin...'.
        Index signature for type 'string' is missing in type 'ObjectId'.
src/routes/crew-pools.ts(55,17): error TS2339: Property '_id' does not exist on type 'never'.
src/routes/crew-pools.ts(56,18): error TS2339: Property 'pool_name' does not exist on type 'never'.
src/routes/crew-pools.ts(57,25): error TS2339: Property 'description' does not exist on type 'never'.
src/routes/dispatch.ts(32,41): error TS2769: No overload matches this call.
  Overload 1 of 4, '(filter?: _QueryFilter<{ _id: ObjectId; fcm_token: string; created_at: Date; updated_at: Date; $assertPopulated: <Paths = {}>(path: string | string[], values?: Partial<Paths> | undefined) => PopulateDocumentResult<...>; ... 389 more ...; "referred_by_admin_id.validateAll": (validators: (RegExp | ... 1 more ... | ValidatorFunction<...>)[]) => ObjectId; }> | undefined, projection?: ProjectionType<...> | ... 1 more ... | undefined, options?: (QueryOptions<...> & Abortable) | ... 1 more ... | undefined): Query<...>', gave the following error.
    Type 'string' is not assignable to type 'StrictCondition<ApplyBasicQueryCasting<ObjectId>> | undefined'.
  Overload 2 of 4, '(filter?: Query<any, any, {}, unknown, "find", Record<string, never>> | undefined, projection?: ProjectionType<IWorker> | null | undefined, options?: (QueryOptions<...> & Abortable) | ... 1 more ... | undefined): Query<...>', gave the following error.
    Object literal may only specify known properties, and 'user_id' does not exist in type 'Query<any, any, {}, unknown, "find", Record<string, never>>'.
src/routes/dispatch.ts(49,45): error TS2769: No overload matches this call.
  Overload 1 of 4, '(filter?: _QueryFilter<{ _id: ObjectId; created_at: Date; updated_at: Date; $assertPopulated: <Paths = {}>(path: string | string[], values?: Partial<Paths> | undefined) => PopulateDocumentResult<...>; ... 350 more ...; "auto_post_template_id.validateAll": (validators: (RegExp | ... 1 more ... | ValidatorFunction<...>)[]) => ObjectId; }> | undefined, projection?: ProjectionType<...> | ... 1 more ... | undefined, options?: (QueryOptions<...> & Abortable) | ... 1 more ... | undefined): Query<...>', gave the following error.
    Type 'string' is not assignable to type 'StrictCondition<ApplyBasicQueryCasting<ObjectId>> | undefined'.
  Overload 2 of 4, '(filter?: Query<any, any, {}, unknown, "find", Record<string, never>> | undefined, projection?: ProjectionType<IEmployer> | null | undefined, options?: (QueryOptions<...> & Abortable) | ... 1 more ... | undefined): Query<...>', gave the following error.
    Object literal may only specify known properties, and 'user_id' does not exist in type 'Query<any, any, {}, unknown, "find", Record<string, never>>'.
src/routes/dispatch.ts(75,9): error TS2769: No overload matches this call.
  The last overload gave the following error.
    Object literal may only specify known properties, and '_id' does not exist in type 'Query<any, any, {}, unknown, "find", Record<string, never>>'.
src/routes/dispatch.ts(95,69): error TS2339: Property 'confirmed_at' does not exist on type 'ModifyResult<IMatch>'.
src/routes/dispatch.ts(108,45): error TS2769: No overload matches this call.
  Overload 1 of 4, '(filter?: _QueryFilter<{ _id: ObjectId; created_at: Date; updated_at: Date; $assertPopulated: <Paths = {}>(path: string | string[], values?: Partial<Paths> | undefined) => PopulateDocumentResult<...>; ... 350 more ...; "auto_post_template_id.validateAll": (validators: (RegExp | ... 1 more ... | ValidatorFunction<...>)[]) => ObjectId; }> | undefined, projection?: ProjectionType<...> | ... 1 more ... | undefined, options?: (QueryOptions<...> & Abortable) | ... 1 more ... | undefined): Query<...>', gave the following error.
    Type 'string' is not assignable to type 'StrictCondition<ApplyBasicQueryCasting<ObjectId>> | undefined'.
  Overload 2 of 4, '(filter?: Query<any, any, {}, unknown, "find", Record<string, never>> | undefined, projection?: ProjectionType<IEmployer> | null | undefined, options?: (QueryOptions<...> & Abortable) | ... 1 more ... | undefined): Query<...>', gave the following error.
    Object literal may only specify known properties, and 'user_id' does not exist in type 'Query<any, any, {}, unknown, "find", Record<string, never>>'.
src/routes/dispatch.ts(115,7): error TS2769: No overload matches this call.
  The last overload gave the following error.
    Object literal may only specify known properties, and '_id' does not exist in type 'Query<any, any, {}, unknown, "find", Record<string, never>>'.
src/routes/dispatch.ts(132,39): error TS2339: Property 'worker_id' does not exist on type 'ModifyResult<IMatch>'.
src/routes/dispatch.ts(136,35): error TS2339: Property 'worker_id' does not exist on type 'ModifyResult<IMatch>'.
src/routes/dispatch.ts(144,41): error TS2769: No overload matches this call.
  Overload 1 of 4, '(filter?: _QueryFilter<{ _id: ObjectId; fcm_token: string; created_at: Date; updated_at: Date; $assertPopulated: <Paths = {}>(path: string | string[], values?: Partial<Paths> | undefined) => PopulateDocumentResult<...>; ... 389 more ...; "referred_by_admin_id.validateAll": (validators: (RegExp | ... 1 more ... | ValidatorFunction<...>)[]) => ObjectId; }> | undefined, projection?: ProjectionType<...> | ... 1 more ... | undefined, options?: (QueryOptions<...> & Abortable) | ... 1 more ... | undefined): Query<...>', gave the following error.
    Type 'string' is not assignable to type 'StrictCondition<ApplyBasicQueryCasting<ObjectId>> | undefined'.
  Overload 2 of 4, '(filter?: Query<any, any, {}, unknown, "find", Record<string, never>> | undefined, projection?: ProjectionType<IWorker> | null | undefined, options?: (QueryOptions<...> & Abortable) | ... 1 more ... | undefined): Query<...>', gave the following error.
    Object literal may only specify known properties, and 'user_id' does not exist in type 'Query<any, any, {}, unknown, "find", Record<string, never>>'.
src/routes/dispatch.ts(150,29): error TS2769: No overload matches this call.
  Overload 1 of 4, '(filter?: _QueryFilter<{ _id: ObjectId; created_at: Date; $assertPopulated: <Paths = {}>(path: string | string[], values?: Partial<Paths> | undefined) => PopulateDocumentResult<IMatch, Paths, (Omit<...> & PopulatePathToRawDocType<...>)[] | ... 1 more ... | null, any>; ... 375 more ...; "employer_rating_id.validateAll": (validators: (RegExp | ... 1 more ... | ValidatorFunction<...>)[]) => ObjectId; }> | undefined, projection?: ProjectionType<...> | ... 1 more ... | undefined, options?: (QueryOptions<...> & Abortable) | ... 1 more ... | undefined): Query<...>', gave the following error.
    Type 'ObjectId' is not assignable to type 'StrictCondition<ApplyBasicQueryCasting<ObjectId>> | undefined'.
      Type 'ObjectId' is not assignable to type 'RemoveIndexSignature<FilterOperators<ObjectId | ObjectId[] | null>>'.
        Types of property 'id' are incompatible.
          Type 'Uint8Array<ArrayBufferLike>' is not assignable to type 'undefined'.
  Overload 2 of 4, '(filter?: Query<any, any, {}, unknown, "find", Record<string, never>> | undefined, projection?: ProjectionType<IMatch> | null | undefined, options?: (QueryOptions<...> & Abortable) | ... 1 more ... | undefined): Query<...>', gave the following error.
    Object literal may only specify known properties, and '_id' does not exist in type 'Query<any, any, {}, unknown, "find", Record<string, never>>'.
src/routes/dispatch.ts(161,41): error TS2769: No overload matches this call.
  Overload 1 of 4, '(filter?: _QueryFilter<{ _id: ObjectId; fcm_token: string; created_at: Date; updated_at: Date; $assertPopulated: <Paths = {}>(path: string | string[], values?: Partial<Paths> | undefined) => PopulateDocumentResult<...>; ... 389 more ...; "referred_by_admin_id.validateAll": (validators: (RegExp | ... 1 more ... | ValidatorFunction<...>)[]) => ObjectId; }> | undefined, projection?: ProjectionType<...> | ... 1 more ... | undefined, options?: (QueryOptions<...> & Abortable) | ... 1 more ... | undefined): Query<...>', gave the following error.
    Type 'string' is not assignable to type 'StrictCondition<ApplyBasicQueryCasting<ObjectId>> | undefined'.
  Overload 2 of 4, '(filter?: Query<any, any, {}, unknown, "find", Record<string, never>> | undefined, projection?: ProjectionType<IWorker> | null | undefined, options?: (QueryOptions<...> & Abortable) | ... 1 more ... | undefined): Query<...>', gave the following error.
    Object literal may only specify known properties, and 'user_id' does not exist in type 'Query<any, any, {}, unknown, "find", Record<string, never>>'.
src/routes/dispatch.ts(168,5): error TS2769: No overload matches this call.
  Overload 1 of 4, '(filter?: _QueryFilter<{ _id: ObjectId; created_at: Date; $assertPopulated: <Paths = {}>(path: string | string[], values?: Partial<Paths> | undefined) => PopulateDocumentResult<IMatch, Paths, (Omit<...> & PopulatePathToRawDocType<...>)[] | ... 1 more ... | null, any>; ... 375 more ...; "employer_rating_id.validateAll": (validators: (RegExp | ... 1 more ... | ValidatorFunction<...>)[]) => ObjectId; }> | undefined, projection?: ProjectionType<...> | ... 1 more ... | undefined, options?: (QueryOptions<...> & Abortable) | ... 1 more ... | undefined): Query<...>', gave the following error.
    Type 'ObjectId' is not assignable to type 'StrictCondition<ApplyBasicQueryCasting<ObjectId>> | undefined'.
      Type 'ObjectId' is not assignable to type 'RemoveIndexSignature<FilterOperators<ObjectId | ObjectId[] | null>>'.
        Types of property 'id' are incompatible.
          Type 'Uint8Array<ArrayBufferLike>' is not assignable to type 'undefined'.
  Overload 2 of 4, '(filter?: Query<any, any, {}, unknown, "find", Record<string, never>> | undefined, projection?: ProjectionType<IMatch> | null | undefined, options?: (QueryOptions<...> & Abortable) | ... 1 more ... | undefined): Query<...>', gave the following error.
    Object literal may only specify known properties, and 'worker_id' does not exist in type 'Query<any, any, {}, unknown, "find", Record<string, never>>'.
src/routes/employers.ts(17,45): error TS2769: No overload matches this call.
  Overload 1 of 4, '(filter?: _QueryFilter<{ _id: ObjectId; created_at: Date; updated_at: Date; $assertPopulated: <Paths = {}>(path: string | string[], values?: Partial<Paths> | undefined) => PopulateDocumentResult<...>; ... 350 more ...; "auto_post_template_id.validateAll": (validators: (RegExp | ... 1 more ... | ValidatorFunction<...>)[]) => ObjectId; }> | undefined, projection?: ProjectionType<...> | ... 1 more ... | undefined, options?: (QueryOptions<...> & Abortable) | ... 1 more ... | undefined): Query<...>', gave the following error.
    Type 'string' is not assignable to type 'StrictCondition<ApplyBasicQueryCasting<ObjectId>> | undefined'.
  Overload 2 of 4, '(filter?: Query<any, any, {}, unknown, "find", Record<string, never>> | undefined, projection?: ProjectionType<IEmployer> | null | undefined, options?: (QueryOptions<...> & Abortable) | ... 1 more ... | undefined): Query<...>', gave the following error.
    Object literal may only specify known properties, and 'user_id' does not exist in type 'Query<any, any, {}, unknown, "find", Record<string, never>>'.
src/routes/employers.ts(35,45): error TS2769: No overload matches this call.
  Overload 1 of 4, '(filter?: _QueryFilter<{ _id: ObjectId; created_at: Date; updated_at: Date; $assertPopulated: <Paths = {}>(path: string | string[], values?: Partial<Paths> | undefined) => PopulateDocumentResult<...>; ... 350 more ...; "auto_post_template_id.validateAll": (validators: (RegExp | ... 1 more ... | ValidatorFunction<...>)[]) => ObjectId; }> | undefined, projection?: ProjectionType<...> | ... 1 more ... | undefined, options?: (QueryOptions<...> & Abortable) | ... 1 more ... | undefined): Query<...>', gave the following error.
    Type 'string' is not assignable to type 'StrictCondition<ApplyBasicQueryCasting<ObjectId>> | undefined'.
  Overload 2 of 4, '(filter?: Query<any, any, {}, unknown, "find", Record<string, never>> | undefined, projection?: ProjectionType<IEmployer> | null | undefined, options?: (QueryOptions<...> & Abortable) | ... 1 more ... | undefined): Query<...>', gave the following error.
    Object literal may only specify known properties, and 'user_id' does not exist in type 'Query<any, any, {}, unknown, "find", Record<string, never>>'.
src/routes/employers.ts(47,45): error TS2769: No overload matches this call.
  Overload 1 of 4, '(filter?: _QueryFilter<{ _id: ObjectId; created_at: Date; updated_at: Date; $assertPopulated: <Paths = {}>(path: string | string[], values?: Partial<Paths> | undefined) => PopulateDocumentResult<...>; ... 350 more ...; "auto_post_template_id.validateAll": (validators: (RegExp | ... 1 more ... | ValidatorFunction<...>)[]) => ObjectId; }> | undefined, projection?: ProjectionType<...> | ... 1 more ... | undefined, options?: (QueryOptions<...> & Abortable) | ... 1 more ... | undefined): Query<...>', gave the following error.
    Type 'string' is not assignable to type 'StrictCondition<ApplyBasicQueryCasting<ObjectId>> | undefined'.
  Overload 2 of 4, '(filter?: Query<any, any, {}, unknown, "find", Record<string, never>> | undefined, projection?: ProjectionType<IEmployer> | null | undefined, options?: (QueryOptions<...> & Abortable) | ... 1 more ... | undefined): Query<...>', gave the following error.
    Object literal may only specify known properties, and 'user_id' does not exist in type 'Query<any, any, {}, unknown, "find", Record<string, never>>'.
src/routes/employers.ts(58,7): error TS2769: No overload matches this call.
  The last overload gave the following error.
    Type 'string' is not assignable to type '{ readonly schemaName?: "ObjectId" | undefined; auto?: ((turnOn: boolean) => ObjectId) | undefined; $conditionalHandlers?: { [x: string]: ((val: any, context: any) => any) | undefined; } | undefined; ... 23 more ...; validateAll?: ((validators: (RegExp | ... 1 more ... | ValidatorFunction<...>)[]) => ObjectId) | und...'.
src/routes/employers.ts(72,31): error TS2339: Property '_id' does not exist on type 'never'.
src/routes/employers.ts(94,7): error TS2769: No overload matches this call.
  The last overload gave the following error.
    Object literal may only specify known properties, and 'user_id' does not exist in type 'Query<any, any, {}, unknown, "find", Record<string, never>>'.
src/routes/employers.ts(131,7): error TS2769: No overload matches this call.
  Overload 1 of 2, '(filter: _QueryFilter<{ _id: ObjectId; created_at: Date; updated_at: Date; $assertPopulated: <Paths = {}>(path: string | string[], values?: Partial<Paths> | undefined) => PopulateDocumentResult<...>; ... 350 more ...; "auto_post_template_id.validateAll": (validators: (RegExp | ... 1 more ... | ValidatorFunction<...>)[]) => ObjectId; }>, update: UpdateWithAggregationPipeline | UpdateQuery<...>, options?: (UpdateOptions & MongooseUpdateQueryOptions<...>) | ... 1 more ... | undefined): Query<...>', gave the following error.
    Type 'string' is not assignable to type 'StrictCondition<ApplyBasicQueryCasting<ObjectId>> | undefined'.
  Overload 2 of 2, '(filter: Query<any, any, {}, unknown, "find", Record<string, never>>, update: UpdateWithAggregationPipeline | UpdateQuery<IEmployer>, options?: (UpdateOptions & MongooseUpdateQueryOptions<...>) | ... 1 more ... | undefined): Query<...>', gave the following error.
    Object literal may only specify known properties, and 'user_id' does not exist in type 'Query<any, any, {}, unknown, "find", Record<string, never>>'.
src/routes/employers.ts(155,47): error TS2769: No overload matches this call.
  Overload 1 of 4, '(filter?: _QueryFilter<{ _id: ObjectId; created_at: Date; updated_at: Date; $assertPopulated: <Paths = {}>(path: string | string[], values?: Partial<Paths> | undefined) => PopulateDocumentResult<...>; ... 350 more ...; "auto_post_template_id.validateAll": (validators: (RegExp | ... 1 more ... | ValidatorFunction<...>)[]) => ObjectId; }> | undefined, projection?: ProjectionType<...> | ... 1 more ... | undefined, options?: (QueryOptions<...> & Abortable) | ... 1 more ... | undefined): Query<...>', gave the following error.
    Type 'string' is not assignable to type 'StrictCondition<ApplyBasicQueryCasting<ObjectId>> | undefined'.
  Overload 2 of 4, '(filter?: Query<any, any, {}, unknown, "find", Record<string, never>> | undefined, projection?: ProjectionType<IEmployer> | null | undefined, options?: (QueryOptions<...> & Abortable) | ... 1 more ... | undefined): Query<...>', gave the following error.
    Object literal may only specify known properties, and 'user_id' does not exist in type 'Query<any, any, {}, unknown, "find", Record<string, never>>'.
src/routes/employers.ts(166,7): error TS2769: No overload matches this call.
  Overload 1 of 4, '(filter?: _QueryFilter<{ _id: ObjectId; created_at: Date; $assertPopulated: <Paths = {}>(path: string | string[], values?: Partial<Paths> | undefined) => PopulateDocumentResult<IMatch, Paths, (Omit<...> & PopulatePathToRawDocType<...>)[] | ... 1 more ... | null, any>; ... 375 more ...; "employer_rating_id.validateAll": (validators: (RegExp | ... 1 more ... | ValidatorFunction<...>)[]) => ObjectId; }> | undefined, projection?: ProjectionType<...> | ... 1 more ... | undefined, options?: (QueryOptions<...> & Abortable) | ... 1 more ... | undefined): Query<...>', gave the following error.
    Type 'ObjectId' is not assignable to type 'StrictCondition<ApplyBasicQueryCasting<ObjectId>> | undefined'.
      Type 'ObjectId' is not assignable to type 'RemoveIndexSignature<FilterOperators<ObjectId | ObjectId[] | null>>'.
        Types of property 'id' are incompatible.
          Type 'Uint8Array<ArrayBufferLike>' is not assignable to type 'undefined'.
  Overload 2 of 4, '(filter?: Query<any, any, {}, unknown, "find", Record<string, never>> | undefined, projection?: ProjectionType<IMatch> | null | undefined, options?: (QueryOptions<...> & Abortable) | ... 1 more ... | undefined): Query<...>', gave the following error.
    Object literal may only specify known properties, and 'employer_id' does not exist in type 'Query<any, any, {}, unknown, "find", Record<string, never>>'.
src/routes/employers.ts(200,47): error TS2769: No overload matches this call.
  Overload 1 of 4, '(filter?: _QueryFilter<{ _id: ObjectId; created_at: Date; updated_at: Date; $assertPopulated: <Paths = {}>(path: string | string[], values?: Partial<Paths> | undefined) => PopulateDocumentResult<...>; ... 350 more ...; "auto_post_template_id.validateAll": (validators: (RegExp | ... 1 more ... | ValidatorFunction<...>)[]) => ObjectId; }> | undefined, projection?: ProjectionType<...> | ... 1 more ... | undefined, options?: (QueryOptions<...> & Abortable) | ... 1 more ... | undefined): Query<...>', gave the following error.
    Type 'string' is not assignable to type 'StrictCondition<ApplyBasicQueryCasting<ObjectId>> | undefined'.
  Overload 2 of 4, '(filter?: Query<any, any, {}, unknown, "find", Record<string, never>> | undefined, projection?: ProjectionType<IEmployer> | null | undefined, options?: (QueryOptions<...> & Abortable) | ... 1 more ... | undefined): Query<...>', gave the following error.
    Object literal may only specify known properties, and 'user_id' does not exist in type 'Query<any, any, {}, unknown, "find", Record<string, never>>'.
src/routes/employers.ts(210,7): error TS2769: No overload matches this call.
  Overload 1 of 2, '(filter?: _QueryFilter<{ _id: ObjectId; created_at: Date; updated_at: Date; $assertPopulated: <Paths = {}>(path: string | string[], values?: Partial<Paths> | undefined) => PopulateDocumentResult<...>; ... 318 more ...; "template_id.validateAll": (validators: (RegExp | ... 1 more ... | ValidatorFunction<...>)[]) => ObjectId; }> | undefined, options?: (CountOptions & ... 2 more ... & Abortable) | ... 1 more ... | undefined): Query<...>', gave the following error.
    Type 'ObjectId' is not assignable to type 'StrictCondition<ApplyBasicQueryCasting<ObjectId>> | undefined'.
      Type 'ObjectId' is not assignable to type 'RemoveIndexSignature<FilterOperators<ObjectId | ObjectId[] | null>>'.
        Types of property 'id' are incompatible.
          Type 'Uint8Array<ArrayBufferLike>' is not assignable to type 'undefined'.
  Overload 2 of 2, '(filter?: Query<any, any, {}, unknown, "find", Record<string, never>> | undefined, options?: (CountOptions & Pick<QueryOptions<IJob>, "timestamps" | ... 1 more ... | "lean"> & { ...; } & Abortable) | null | undefined): Query<...>', gave the following error.
    Object literal may only specify known properties, and 'employer_id' does not exist in type 'Query<any, any, {}, unknown, "find", Record<string, never>>'.
src/routes/employers.ts(216,7): error TS2769: No overload matches this call.
  Overload 1 of 4, '(filter?: _QueryFilter<{ _id: ObjectId; created_at: Date; updated_at: Date; $assertPopulated: <Paths = {}>(path: string | string[], values?: Partial<Paths> | undefined) => PopulateDocumentResult<...>; ... 318 more ...; "template_id.validateAll": (validators: (RegExp | ... 1 more ... | ValidatorFunction<...>)[]) => ObjectId; }> | undefined, projection?: ProjectionType<...> | ... 1 more ... | undefined, options?: (QueryOptions<...> & Abortable) | undefined): Query<...>', gave the following error.
    Type 'ObjectId' is not assignable to type 'StrictCondition<ApplyBasicQueryCasting<ObjectId>> | undefined'.
      Type 'ObjectId' is not assignable to type 'RemoveIndexSignature<FilterOperators<ObjectId | ObjectId[] | null>>'.
        Types of property 'id' are incompatible.
          Type 'Uint8Array<ArrayBufferLike>' is not assignable to type 'undefined'.
  Overload 2 of 4, '(filter?: Query<any, any, {}, unknown, "find", Record<string, never>> | undefined, projection?: ProjectionType<IJob> | null | undefined, options?: (QueryOptions<...> & Abortable) | undefined): Query<...>', gave the following error.
    Object literal may only specify known properties, and 'employer_id' does not exist in type 'Query<any, any, {}, unknown, "find", Record<string, never>>'.
src/routes/employers.ts(219,64): error TS2769: No overload matches this call.
  Overload 1 of 2, '(filter?: _QueryFilter<{ _id: ObjectId; created_at: Date; updated_at: Date; $assertPopulated: <Paths = {}>(path: string | string[], values?: Partial<Paths> | undefined) => PopulateDocumentResult<...>; ... 309 more ...; "killer_answers.answer": string; }> | undefined, options?: (CountOptions & ... 2 more ... & Abortable) | ... 1 more ... | undefined): Query<...>', gave the following error.
    Type '{ $in: Types.ObjectId[]; }' is not assignable to type 'StrictCondition<ApplyBasicQueryCasting<ObjectId>> | undefined'.
      Types of property '$in' are incompatible.
        Type 'ObjectId[]' is not assignable to type 'readonly (ObjectId | ObjectId[] | null)[]'.
          Type 'ObjectId' is not assignable to type 'ObjectId | ObjectId[] | null'.
            Type 'ObjectId' is missing the following properties from type 'ObjectId[]': length, pop, push, concat, and 29 more.
  Overload 2 of 2, '(filter?: Query<any, any, {}, unknown, "find", Record<string, never>> | undefined, options?: (CountOptions & Pick<QueryOptions<IApplication>, "timestamps" | ... 1 more ... | "lean"> & { ...; } & Abortable) | null | undefined): Query<...>', gave the following error.
    Object literal may only specify known properties, and 'job_id' does not exist in type 'Query<any, any, {}, unknown, "find", Record<string, never>>'.
src/routes/employers.ts(225,7): error TS2769: No overload matches this call.
  Overload 1 of 2, '(filter?: _QueryFilter<{ _id: ObjectId; created_at: Date; $assertPopulated: <Paths = {}>(path: string | string[], values?: Partial<Paths> | undefined) => PopulateDocumentResult<IMatch, Paths, (Omit<...> & PopulatePathToRawDocType<...>)[] | ... 1 more ... | null, any>; ... 375 more ...; "employer_rating_id.validateAll": (validators: (RegExp | ... 1 more ... | ValidatorFunction<...>)[]) => ObjectId; }> | undefined, options?: (CountOptions & ... 2 more ... & Abortable) | ... 1 more ... | undefined): Query<...>', gave the following error.
    Type 'ObjectId' is not assignable to type 'StrictCondition<ApplyBasicQueryCasting<ObjectId>> | undefined'.
      Type 'ObjectId' is not assignable to type 'RemoveIndexSignature<FilterOperators<ObjectId | ObjectId[] | null>>'.
        Types of property 'id' are incompatible.
          Type 'Uint8Array<ArrayBufferLike>' is not assignable to type 'undefined'.
  Overload 2 of 2, '(filter?: Query<any, any, {}, unknown, "find", Record<string, never>> | undefined, options?: (CountOptions & Pick<QueryOptions<IMatch>, "timestamps" | ... 1 more ... | "lean"> & { ...; } & Abortable) | null | undefined): Query<...>', gave the following error.
    Object literal may only specify known properties, and 'employer_id' does not exist in type 'Query<any, any, {}, unknown, "find", Record<string, never>>'.
src/routes/employers.ts(231,7): error TS2769: No overload matches this call.
  Overload 1 of 4, '(filter?: _QueryFilter<{ _id: ObjectId; created_at: Date; updated_at: Date; $assertPopulated: <Paths = {}>(path: string | string[], values?: Partial<Paths> | undefined) => PopulateDocumentResult<...>; ... 318 more ...; "template_id.validateAll": (validators: (RegExp | ... 1 more ... | ValidatorFunction<...>)[]) => ObjectId; }> | undefined, projection?: ProjectionType<...> | ... 1 more ... | undefined, options?: (QueryOptions<...> & Abortable) | undefined): Query<...>', gave the following error.
    Type 'ObjectId' is not assignable to type 'StrictCondition<ApplyBasicQueryCasting<ObjectId>> | undefined'.
      Type 'ObjectId' is not assignable to type 'RemoveIndexSignature<FilterOperators<ObjectId | ObjectId[] | null>>'.
        Types of property 'id' are incompatible.
          Type 'Uint8Array<ArrayBufferLike>' is not assignable to type 'undefined'.
  Overload 2 of 4, '(filter?: Query<any, any, {}, unknown, "find", Record<string, never>> | undefined, projection?: ProjectionType<IJob> | null | undefined, options?: (QueryOptions<...> & Abortable) | undefined): Query<...>', gave the following error.
    Object literal may only specify known properties, and 'employer_id' does not exist in type 'Query<any, any, {}, unknown, "find", Record<string, never>>'.
src/routes/employers.ts(240,65): error TS2769: No overload matches this call.
  Overload 1 of 2, '(filter?: _QueryFilter<{ _id: ObjectId; created_at: Date; updated_at: Date; $assertPopulated: <Paths = {}>(path: string | string[], values?: Partial<Paths> | undefined) => PopulateDocumentResult<...>; ... 309 more ...; "killer_answers.answer": string; }> | undefined, options?: (CountOptions & ... 2 more ... & Abortable) | ... 1 more ... | undefined): Query<...>', gave the following error.
    Type 'ObjectId' is not assignable to type 'StrictCondition<ApplyBasicQueryCasting<ObjectId>> | undefined'.
      Type 'ObjectId' is not assignable to type 'RemoveIndexSignature<FilterOperators<ObjectId | ObjectId[] | null>>'.
        Types of property 'id' are incompatible.
          Type 'Uint8Array<ArrayBufferLike>' is not assignable to type 'undefined'.
  Overload 2 of 2, '(filter?: Query<any, any, {}, unknown, "find", Record<string, never>> | undefined, options?: (CountOptions & Pick<QueryOptions<IApplication>, "timestamps" | ... 1 more ... | "lean"> & { ...; } & Abortable) | null | undefined): Query<...>', gave the following error.
    Object literal may only specify known properties, and 'job_id' does not exist in type 'Query<any, any, {}, unknown, "find", Record<string, never>>'.
src/routes/employers.ts(267,47): error TS2769: No overload matches this call.
  Overload 1 of 4, '(filter?: _QueryFilter<{ _id: ObjectId; created_at: Date; updated_at: Date; $assertPopulated: <Paths = {}>(path: string | string[], values?: Partial<Paths> | undefined) => PopulateDocumentResult<...>; ... 350 more ...; "auto_post_template_id.validateAll": (validators: (RegExp | ... 1 more ... | ValidatorFunction<...>)[]) => ObjectId; }> | undefined, projection?: ProjectionType<...> | ... 1 more ... | undefined, options?: (QueryOptions<...> & Abortable) | ... 1 more ... | undefined): Query<...>', gave the following error.
    Type 'string' is not assignable to type 'StrictCondition<ApplyBasicQueryCasting<ObjectId>> | undefined'.
  Overload 2 of 4, '(filter?: Query<any, any, {}, unknown, "find", Record<string, never>> | undefined, projection?: ProjectionType<IEmployer> | null | undefined, options?: (QueryOptions<...> & Abortable) | ... 1 more ... | undefined): Query<...>', gave the following error.
    Object literal may only specify known properties, and 'user_id' does not exist in type 'Query<any, any, {}, unknown, "find", Record<string, never>>'.
src/routes/employers.ts(273,55): error TS2769: No overload matches this call.
  Overload 1 of 4, '(filter?: _QueryFilter<{ _id: ObjectId; $assertPopulated: <Paths = {}>(path: string | string[], values?: Partial<Paths> | undefined) => PopulateDocumentResult<IRetainEnrollment, Paths, (Omit<...> & PopulatePathToRawDocType<...>)[] | ... 1 more ... | null, any>; ... 284 more ...; "employer_id.validateAll": (validators: (RegExp | ... 1 more ... | ValidatorFunction<...>)[]) => ObjectId; }> | undefined, projection?: ProjectionType<...> | ... 1 more ... | undefined, options?: (QueryOptions<...> & Abortable) | undefined): Query<...>', gave the following error.
    Type 'ObjectId' is not assignable to type 'StrictCondition<ApplyBasicQueryCasting<ObjectId>> | undefined'.
      Type 'ObjectId' is not assignable to type 'RemoveIndexSignature<FilterOperators<ObjectId | ObjectId[] | null>>'.
        Types of property 'id' are incompatible.
          Type 'Uint8Array<ArrayBufferLike>' is not assignable to type 'undefined'.
  Overload 2 of 4, '(filter?: Query<any, any, {}, unknown, "find", Record<string, never>> | undefined, projection?: ProjectionType<IRetainEnrollment> | null | undefined, options?: (QueryOptions<...> & Abortable) | undefined): Query<...>', gave the following error.
    Object literal may only specify known properties, and 'employer_id' does not exist in type 'Query<any, any, {}, unknown, "find", Record<string, never>>'.
src/routes/employers.ts(278,41): error TS2769: No overload matches this call.
  Overload 1 of 4, '(filter?: _QueryFilter<{ _id: ObjectId; fcm_token: string; created_at: Date; updated_at: Date; $assertPopulated: <Paths = {}>(path: string | string[], values?: Partial<Paths> | undefined) => PopulateDocumentResult<...>; ... 389 more ...; "referred_by_admin_id.validateAll": (validators: (RegExp | ... 1 more ... | ValidatorFunction<...>)[]) => ObjectId; }> | undefined, projection?: ProjectionType<...> | ... 1 more ... | undefined, options?: (QueryOptions<...> & Abortable) | undefined): Query<...>', gave the following error.
    Type '{ $in: Schema.Types.ObjectId[]; }' is not assignable to type 'StrictCondition<ApplyBasicQueryCasting<ObjectId>> | undefined'.
      Types of property '$in' are incompatible.
        Type 'ObjectId[]' is not assignable to type 'readonly (string | RegExp | ObjectId | BSONRegExp | ObjectIdQueryTypeCasting[] | null)[]'.
          Type 'ObjectId' is not assignable to type 'string | RegExp | ObjectId | BSONRegExp | ObjectIdQueryTypeCasting[] | null'.
            Type 'ObjectId' is missing the following properties from type 'BSONRegExp': _bsontype, pattern, inspect, [bsonType]
  Overload 2 of 4, '(filter?: Query<any, any, {}, unknown, "find", Record<string, never>> | undefined, projection?: ProjectionType<IWorker> | null | undefined, options?: (QueryOptions<...> & Abortable) | undefined): Query<...>', gave the following error.
    Object literal may only specify known properties, and '_id' does not exist in type 'Query<any, any, {}, unknown, "find", Record<string, never>>'.
src/routes/interviews.ts(13,45): error TS2769: No overload matches this call.
  Overload 1 of 4, '(filter?: _QueryFilter<{ _id: ObjectId; created_at: Date; updated_at: Date; $assertPopulated: <Paths = {}>(path: string | string[], values?: Partial<Paths> | undefined) => PopulateDocumentResult<...>; ... 350 more ...; "auto_post_template_id.validateAll": (validators: (RegExp | ... 1 more ... | ValidatorFunction<...>)[]) => ObjectId; }> | undefined, projection?: ProjectionType<...> | ... 1 more ... | undefined, options?: (QueryOptions<...> & Abortable) | ... 1 more ... | undefined): Query<...>', gave the following error.
    Type 'string' is not assignable to type 'StrictCondition<ApplyBasicQueryCasting<ObjectId>> | undefined'.
  Overload 2 of 4, '(filter?: Query<any, any, {}, unknown, "find", Record<string, never>> | undefined, projection?: ProjectionType<IEmployer> | null | undefined, options?: (QueryOptions<...> & Abortable) | ... 1 more ... | undefined): Query<...>', gave the following error.
    Object literal may only specify known properties, and 'user_id' does not exist in type 'Query<any, any, {}, unknown, "find", Record<string, never>>'.
src/routes/interviews.ts(21,41): error TS2769: No overload matches this call.
  Overload 1 of 4, '(filter?: _QueryFilter<{ _id: ObjectId; created_at: Date; updated_at: Date; $assertPopulated: <Paths = {}>(path: string | string[], values?: Partial<Paths> | undefined) => PopulateDocumentResult<...>; ... 309 more ...; "killer_answers.answer": string; }> | undefined, projection?: ProjectionType<...> | ... 1 more ... | undefined, options?: (QueryOptions<...> & Abortable) | ... 1 more ... | undefined): Query<...>', gave the following error.
    Type 'ObjectId' is not assignable to type 'StrictCondition<ApplyBasicQueryCasting<ObjectId>> | undefined'.
      Type 'ObjectId' is not assignable to type 'RemoveIndexSignature<FilterOperators<ObjectId | ObjectId[] | null>>'.
        Types of property 'id' are incompatible.
          Type 'Uint8Array<ArrayBufferLike>' is not assignable to type 'undefined'.
  Overload 2 of 4, '(filter?: Query<any, any, {}, unknown, "find", Record<string, never>> | undefined, projection?: ProjectionType<IApplication> | null | undefined, options?: (QueryOptions<...> & Abortable) | ... 1 more ... | undefined): Query<...>', gave the following error.
    Object literal may only specify known properties, and '_id' does not exist in type 'Query<any, any, {}, unknown, "find", Record<string, never>>'.
src/routes/interviews.ts(30,5): error TS2769: No overload matches this call.
  The last overload gave the following error.
    Type 'ObjectId' is not assignable to type '{ readonly schemaName?: "ObjectId" | undefined; auto?: ((turnOn: boolean) => ObjectId) | undefined; $conditionalHandlers?: { [x: string]: ((val: any, context: any) => any) | undefined; } | undefined; ... 23 more ...; validateAll?: ((validators: (RegExp | ... 1 more ... | ValidatorFunction<...>)[]) => ObjectId) | und...'.
      Type 'ObjectId' is not assignable to type '{ [x: string]: unknown; readonly schemaName?: StringQueryTypeCasting | undefined; auto?: ((turnOn: boolean) => ObjectId) | undefined; $conditionalHandlers?: { ...; } | ... 1 more ... | undefined; ... 23 more ...; validateAll?: ((validators: (RegExp | ... 1 more ... | ValidatorFunction<...>)[]) => ObjectId) | undefin...'.
        Index signature for type 'string' is missing in type 'ObjectId'.
src/routes/interviews.ts(51,39): error TS2339: Property '_id' does not exist on type 'never'.
src/routes/interviews.ts(55,73): error TS2339: Property '_id' does not exist on type 'never'.
src/routes/interviews.ts(60,45): error TS2769: No overload matches this call.
  Overload 1 of 4, '(filter?: _QueryFilter<{ _id: ObjectId; created_at: Date; updated_at: Date; $assertPopulated: <Paths = {}>(path: string | string[], values?: Partial<Paths> | undefined) => PopulateDocumentResult<...>; ... 350 more ...; "auto_post_template_id.validateAll": (validators: (RegExp | ... 1 more ... | ValidatorFunction<...>)[]) => ObjectId; }> | undefined, projection?: ProjectionType<...> | ... 1 more ... | undefined, options?: (QueryOptions<...> & Abortable) | ... 1 more ... | undefined): Query<...>', gave the following error.
    Type 'string' is not assignable to type 'StrictCondition<ApplyBasicQueryCasting<ObjectId>> | undefined'.
  Overload 2 of 4, '(filter?: Query<any, any, {}, unknown, "find", Record<string, never>> | undefined, projection?: ProjectionType<IEmployer> | null | undefined, options?: (QueryOptions<...> & Abortable) | ... 1 more ... | undefined): Query<...>', gave the following error.
    Object literal may only specify known properties, and 'user_id' does not exist in type 'Query<any, any, {}, unknown, "find", Record<string, never>>'.
src/routes/interviews.ts(67,19): error TS2769: No overload matches this call.
  Overload 1 of 2, '(filter: _QueryFilter<{ _id: ObjectId; created_at: Date; $assertPopulated: <Paths = {}>(path: string | string[], values?: Partial<Paths> | undefined) => PopulateDocumentResult<IInterview, Paths, (Omit<...> & PopulatePathToRawDocType<...>)[] | ... 1 more ... | null, any>; ... 340 more ...; "application_id.validateAll": (validators: (RegExp | ... 1 more ... | ValidatorFunction<...>)[]) => ObjectId; }>, update: UpdateWithAggregationPipeline | UpdateQuery<...>, options?: (UpdateOptions & MongooseUpdateQueryOptions<...>) | ... 1 more ... | undefined): Query<...>', gave the following error.
    Type 'ObjectId' is not assignable to type 'StrictCondition<ApplyBasicQueryCasting<ObjectId>> | undefined'.
      Type 'ObjectId' is not assignable to type 'RemoveIndexSignature<FilterOperators<ObjectId | ObjectId[] | null>>'.
        Types of property 'id' are incompatible.
          Type 'Uint8Array<ArrayBufferLike>' is not assignable to type 'undefined'.
  Overload 2 of 2, '(filter: Query<any, any, {}, unknown, "find", Record<string, never>>, update: UpdateWithAggregationPipeline | UpdateQuery<IInterview>, options?: (UpdateOptions & MongooseUpdateQueryOptions<...>) | ... 1 more ... | undefined): Query<...>', gave the following error.
    Object literal may only specify known properties, and '_id' does not exist in type 'Query<any, any, {}, unknown, "find", Record<string, never>>'.
src/routes/interviews.ts(72,37): error TS2769: No overload matches this call.
  Overload 1 of 2, '(filter: _QueryFilter<{ _id: ObjectId; created_at: Date; updated_at: Date; $assertPopulated: <Paths = {}>(path: string | string[], values?: Partial<Paths> | undefined) => PopulateDocumentResult<...>; ... 309 more ...; "killer_answers.answer": string; }>, update: UpdateWithAggregationPipeline | UpdateQuery<...>, options?: (UpdateOptions & MongooseUpdateQueryOptions<...>) | ... 1 more ... | undefined): Query<...>', gave the following error.
    Type 'ObjectId' is not assignable to type 'StrictCondition<ApplyBasicQueryCasting<ObjectId>> | undefined'.
      Type 'ObjectId' is missing the following properties from type 'BSONRegExp': _bsontype, pattern, inspect, [bsonType]
  Overload 2 of 2, '(filter: Query<any, any, {}, unknown, "find", Record<string, never>>, update: UpdateWithAggregationPipeline | UpdateQuery<IApplication>, options?: (UpdateOptions & MongooseUpdateQueryOptions<...>) | ... 1 more ... | undefined): Query<...>', gave the following error.
    Object literal may only specify known properties, and '_id' does not exist in type 'Query<any, any, {}, unknown, "find", Record<string, never>>'.
src/routes/jobs.ts(10,15): error TS2614: Module '"mongoose"' has no exported member 'FilterQuery'. Did you mean to use 'import FilterQuery from "mongoose"' instead?
src/routes/jobs.ts(29,43): error TS2769: No overload matches this call.
  Overload 1 of 4, '(filter?: _QueryFilter<{ _id: ObjectId; fcm_token: string; created_at: Date; updated_at: Date; $assertPopulated: <Paths = {}>(path: string | string[], values?: Partial<Paths> | undefined) => PopulateDocumentResult<...>; ... 389 more ...; "referred_by_admin_id.validateAll": (validators: (RegExp | ... 1 more ... | ValidatorFunction<...>)[]) => ObjectId; }> | undefined, projection?: ProjectionType<...> | ... 1 more ... | undefined, options?: (QueryOptions<...> & Abortable) | ... 1 more ... | undefined): Query<...>', gave the following error.
    Type 'string' is not assignable to type 'StrictCondition<ApplyBasicQueryCasting<ObjectId>> | undefined'.
  Overload 2 of 4, '(filter?: Query<any, any, {}, unknown, "find", Record<string, never>> | undefined, projection?: ProjectionType<IWorker> | null | undefined, options?: (QueryOptions<...> & Abortable) | ... 1 more ... | undefined): Query<...>', gave the following error.
    Object literal may only specify known properties, and 'user_id' does not exist in type 'Query<any, any, {}, unknown, "find", Record<string, never>>'.
src/routes/jobs.ts(170,47): error TS2769: No overload matches this call.
  Overload 1 of 4, '(filter?: _QueryFilter<{ _id: ObjectId; created_at: Date; updated_at: Date; $assertPopulated: <Paths = {}>(path: string | string[], values?: Partial<Paths> | undefined) => PopulateDocumentResult<...>; ... 350 more ...; "auto_post_template_id.validateAll": (validators: (RegExp | ... 1 more ... | ValidatorFunction<...>)[]) => ObjectId; }> | undefined, projection?: ProjectionType<...> | ... 1 more ... | undefined, options?: (QueryOptions<...> & Abortable) | ... 1 more ... | undefined): Query<...>', gave the following error.
    Type 'string' is not assignable to type 'StrictCondition<ApplyBasicQueryCasting<ObjectId>> | undefined'.
  Overload 2 of 4, '(filter?: Query<any, any, {}, unknown, "find", Record<string, never>> | undefined, projection?: ProjectionType<IEmployer> | null | undefined, options?: (QueryOptions<...> & Abortable) | ... 1 more ... | undefined): Query<...>', gave the following error.
    Object literal may only specify known properties, and 'user_id' does not exist in type 'Query<any, any, {}, unknown, "find", Record<string, never>>'.
src/routes/jobs.ts(176,35): error TS2769: No overload matches this call.
  Overload 1 of 4, '(filter?: _QueryFilter<{ _id: ObjectId; created_at: Date; updated_at: Date; $assertPopulated: <Paths = {}>(path: string | string[], values?: Partial<Paths> | undefined) => PopulateDocumentResult<...>; ... 318 more ...; "template_id.validateAll": (validators: (RegExp | ... 1 more ... | ValidatorFunction<...>)[]) => ObjectId; }> | undefined, projection?: ProjectionType<...> | ... 1 more ... | undefined, options?: (QueryOptions<...> & Abortable) | undefined): Query<...>', gave the following error.
    Type 'ObjectId' is not assignable to type 'StrictCondition<ApplyBasicQueryCasting<ObjectId>> | undefined'.
      Type 'ObjectId' is not assignable to type 'RemoveIndexSignature<FilterOperators<ObjectId | ObjectId[] | null>>'.
        Types of property 'id' are incompatible.
          Type 'Uint8Array<ArrayBufferLike>' is not assignable to type 'undefined'.
  Overload 2 of 4, '(filter?: Query<any, any, {}, unknown, "find", Record<string, never>> | undefined, projection?: ProjectionType<IJob> | null | undefined, options?: (QueryOptions<...> & Abortable) | undefined): Query<...>', gave the following error.
    Object literal may only specify known properties, and 'employer_id' does not exist in type 'Query<any, any, {}, unknown, "find", Record<string, never>>'.
src/routes/jobs.ts(181,65): error TS2769: No overload matches this call.
  Overload 1 of 2, '(filter?: _QueryFilter<{ _id: ObjectId; created_at: Date; updated_at: Date; $assertPopulated: <Paths = {}>(path: string | string[], values?: Partial<Paths> | undefined) => PopulateDocumentResult<...>; ... 309 more ...; "killer_answers.answer": string; }> | undefined, options?: (CountOptions & ... 2 more ... & Abortable) | ... 1 more ... | undefined): Query<...>', gave the following error.
    Type 'ObjectId' is not assignable to type 'StrictCondition<ApplyBasicQueryCasting<ObjectId>> | undefined'.
      Type 'ObjectId' is not assignable to type 'RemoveIndexSignature<FilterOperators<ObjectId | ObjectId[] | null>>'.
        Types of property 'id' are incompatible.
          Type 'Uint8Array<ArrayBufferLike>' is not assignable to type 'undefined'.
  Overload 2 of 2, '(filter?: Query<any, any, {}, unknown, "find", Record<string, never>> | undefined, options?: (CountOptions & Pick<QueryOptions<IApplication>, "timestamps" | ... 1 more ... | "lean"> & { ...; } & Abortable) | null | undefined): Query<...>', gave the following error.
    Object literal may only specify known properties, and 'job_id' does not exist in type 'Query<any, any, {}, unknown, "find", Record<string, never>>'.
src/routes/jobs.ts(201,45): error TS2769: No overload matches this call.
  Overload 1 of 4, '(filter?: _QueryFilter<{ _id: ObjectId; created_at: Date; updated_at: Date; $assertPopulated: <Paths = {}>(path: string | string[], values?: Partial<Paths> | undefined) => PopulateDocumentResult<...>; ... 350 more ...; "auto_post_template_id.validateAll": (validators: (RegExp | ... 1 more ... | ValidatorFunction<...>)[]) => ObjectId; }> | undefined, projection?: ProjectionType<...> | ... 1 more ... | undefined, options?: (QueryOptions<...> & Abortable) | ... 1 more ... | undefined): Query<...>', gave the following error.
    Type 'string' is not assignable to type 'StrictCondition<ApplyBasicQueryCasting<ObjectId>> | undefined'.
  Overload 2 of 4, '(filter?: Query<any, any, {}, unknown, "find", Record<string, never>> | undefined, projection?: ProjectionType<IEmployer> | null | undefined, options?: (QueryOptions<...> & Abortable) | ... 1 more ... | undefined): Query<...>', gave the following error.
    Object literal may only specify known properties, and 'user_id' does not exist in type 'Query<any, any, {}, unknown, "find", Record<string, never>>'.
src/routes/jobs.ts(207,46): error TS2769: No overload matches this call.
  Overload 1 of 4, '(filter?: _QueryFilter<{ _id: ObjectId; created_at: Date; $assertPopulated: <Paths = {}>(path: string | string[], values?: Partial<Paths> | undefined) => PopulateDocumentResult<IJobTemplate, Paths, (Omit<...> & PopulatePathToRawDocType<...>)[] | ... 1 more ... | null, any>; ... 256 more ...; last_used_at: Date; }> | undefined, projection?: ProjectionType<...> | ... 1 more ... | undefined, options?: (QueryOptions<...> & Abortable) | undefined): Query<...>', gave the following error.
    Type 'ObjectId' is not assignable to type 'StrictCondition<ApplyBasicQueryCasting<ObjectId>> | undefined'.
      Type 'ObjectId' is not assignable to type 'RemoveIndexSignature<FilterOperators<ObjectId | ObjectId[] | null>>'.
        Types of property 'id' are incompatible.
          Type 'Uint8Array<ArrayBufferLike>' is not assignable to type 'undefined'.
  Overload 2 of 4, '(filter?: Query<any, any, {}, unknown, "find", Record<string, never>> | undefined, projection?: ProjectionType<IJobTemplate> | null | undefined, options?: (QueryOptions<...> & Abortable) | undefined): Query<...>', gave the following error.
    Object literal may only specify known properties, and 'employer_id' does not exist in type 'Query<any, any, {}, unknown, "find", Record<string, never>>'.
src/routes/jobs.ts(235,41): error TS2769: No overload matches this call.
  Overload 1 of 4, '(filter?: _QueryFilter<{ _id: ObjectId; fcm_token: string; created_at: Date; updated_at: Date; $assertPopulated: <Paths = {}>(path: string | string[], values?: Partial<Paths> | undefined) => PopulateDocumentResult<...>; ... 389 more ...; "referred_by_admin_id.validateAll": (validators: (RegExp | ... 1 more ... | ValidatorFunction<...>)[]) => ObjectId; }> | undefined, projection?: ProjectionType<...> | ... 1 more ... | undefined, options?: (QueryOptions<...> & Abortable) | ... 1 more ... | undefined): Query<...>', gave the following error.
    Type 'string' is not assignable to type 'StrictCondition<ApplyBasicQueryCasting<ObjectId>> | undefined'.
  Overload 2 of 4, '(filter?: Query<any, any, {}, unknown, "find", Record<string, never>> | undefined, projection?: ProjectionType<IWorker> | null | undefined, options?: (QueryOptions<...> & Abortable) | ... 1 more ... | undefined): Query<...>', gave the following error.
    Object literal may only specify known properties, and 'user_id' does not exist in type 'Query<any, any, {}, unknown, "find", Record<string, never>>'.
src/routes/jobs.ts(275,45): error TS2769: No overload matches this call.
  Overload 1 of 4, '(filter?: _QueryFilter<{ _id: ObjectId; created_at: Date; updated_at: Date; $assertPopulated: <Paths = {}>(path: string | string[], values?: Partial<Paths> | undefined) => PopulateDocumentResult<...>; ... 350 more ...; "auto_post_template_id.validateAll": (validators: (RegExp | ... 1 more ... | ValidatorFunction<...>)[]) => ObjectId; }> | undefined, projection?: ProjectionType<...> | ... 1 more ... | undefined, options?: (QueryOptions<...> & Abortable) | ... 1 more ... | undefined): Query<...>', gave the following error.
    Type 'string' is not assignable to type 'StrictCondition<ApplyBasicQueryCasting<ObjectId>> | undefined'.
  Overload 2 of 4, '(filter?: Query<any, any, {}, unknown, "find", Record<string, never>> | undefined, projection?: ProjectionType<IEmployer> | null | undefined, options?: (QueryOptions<...> & Abortable) | ... 1 more ... | undefined): Query<...>', gave the following error.
    Object literal may only specify known properties, and 'user_id' does not exist in type 'Query<any, any, {}, unknown, "find", Record<string, never>>'.
src/routes/jobs.ts(351,11): error TS2339: Property 'expires_at' does not exist on type '{ lane: number; job_title: any; job_description: any; primary_skill: any; pay_rate: number; shift_duration_hours: number | undefined; number_of_openings: number; keywords_extracted: any; employer_id: ObjectId; location: { ...; } | undefined; status: string; shift_start_time: Date | undefined; }'.
src/routes/jobs.ts(357,32): error TS2769: No overload matches this call.
  The last overload gave the following error.
    Argument of type '{ lane: number; job_title: any; job_description: any; primary_skill: any; pay_rate: number; shift_duration_hours: number | undefined; number_of_openings: number; keywords_extracted: any; employer_id: Types.ObjectId; location: { ...; } | undefined; status: string; shift_start_time: Date | undefined; }' is not assignable to parameter of type '{ employer_id?: { readonly schemaName?: "ObjectId" | undefined; auto?: ((turnOn: boolean) => ObjectId) | undefined; $conditionalHandlers?: { [x: string]: ((val: any, context: any) => any) | undefined; } | undefined; ... 23 more ...; validateAll?: ((validators: (RegExp | ... 1 more ... | ValidatorFunction<...>)[]) =>...'.
      Types of property 'employer_id' are incompatible.
        Type 'ObjectId' is not assignable to type '{ readonly schemaName?: "ObjectId" | undefined; auto?: ((turnOn: boolean) => ObjectId) | undefined; $conditionalHandlers?: { [x: string]: ((val: any, context: any) => any) | undefined; } | undefined; ... 23 more ...; validateAll?: ((validators: (RegExp | ... 1 more ... | ValidatorFunction<...>)[]) => ObjectId) | und...'.
          Type 'ObjectId' is not assignable to type '{ [x: string]: unknown; readonly schemaName?: StringQueryTypeCasting | undefined; auto?: ((turnOn: boolean) => ObjectId) | undefined; $conditionalHandlers?: { ...; } | ... 1 more ... | undefined; ... 23 more ...; validateAll?: ((validators: (RegExp | ... 1 more ... | ValidatorFunction<...>)[]) => ObjectId) | undefin...'.
            Index signature for type 'string' is missing in type 'ObjectId'.
src/routes/jobs.ts(360,7): error TS2769: No overload matches this call.
  The last overload gave the following error.
    Object literal may only specify known properties, and 'employer_id' does not exist in type 'Query<any, any, {}, unknown, "find", Record<string, never>>'.
src/routes/jobs.ts(360,59): error TS2339: Property 'primary_skill' does not exist on type 'never'.
src/routes/jobs.ts(360,89): error TS2339: Property 'job_title' does not exist on type 'never'.
src/routes/jobs.ts(363,23): error TS2339: Property 'pay_rate' does not exist on type 'never'.
src/routes/jobs.ts(364,35): error TS2339: Property 'shift_duration_hours' does not exist on type 'never'.
src/routes/jobs.ts(365,35): error TS2339: Property 'job_description' does not exist on type 'never'.
src/routes/jobs.ts(369,31): error TS2339: Property 'job_title' does not exist on type 'never'.
src/routes/jobs.ts(380,11): error TS2339: Property 'lane' does not exist on type 'never'.
src/routes/jobs.ts(381,27): error TS2339: Property '_id' does not exist on type 'never'.
src/routes/jobs.ts(384,61): error TS2339: Property '_id' does not exist on type 'never'.
src/routes/jobs.ts(389,45): error TS2769: No overload matches this call.
  Overload 1 of 4, '(filter?: _QueryFilter<{ _id: ObjectId; created_at: Date; updated_at: Date; $assertPopulated: <Paths = {}>(path: string | string[], values?: Partial<Paths> | undefined) => PopulateDocumentResult<...>; ... 350 more ...; "auto_post_template_id.validateAll": (validators: (RegExp | ... 1 more ... | ValidatorFunction<...>)[]) => ObjectId; }> | undefined, projection?: ProjectionType<...> | ... 1 more ... | undefined, options?: (QueryOptions<...> & Abortable) | ... 1 more ... | undefined): Query<...>', gave the following error.
    Type 'string' is not assignable to type 'StrictCondition<ApplyBasicQueryCasting<ObjectId>> | undefined'.
  Overload 2 of 4, '(filter?: Query<any, any, {}, unknown, "find", Record<string, never>> | undefined, projection?: ProjectionType<IEmployer> | null | undefined, options?: (QueryOptions<...> & Abortable) | ... 1 more ... | undefined): Query<...>', gave the following error.
    Object literal may only specify known properties, and 'user_id' does not exist in type 'Query<any, any, {}, unknown, "find", Record<string, never>>'.
src/routes/jobs.ts(396,7): error TS2769: No overload matches this call.
  The last overload gave the following error.
    Object literal may only specify known properties, and '_id' does not exist in type 'Query<any, any, {}, unknown, "find", Record<string, never>>'.
src/routes/matches.ts(16,45): error TS2769: No overload matches this call.
  Overload 1 of 4, '(filter?: _QueryFilter<{ _id: ObjectId; created_at: Date; updated_at: Date; $assertPopulated: <Paths = {}>(path: string | string[], values?: Partial<Paths> | undefined) => PopulateDocumentResult<...>; ... 350 more ...; "auto_post_template_id.validateAll": (validators: (RegExp | ... 1 more ... | ValidatorFunction<...>)[]) => ObjectId; }> | undefined, projection?: ProjectionType<...> | ... 1 more ... | undefined, options?: (QueryOptions<...> & Abortable) | ... 1 more ... | undefined): Query<...>', gave the following error.
    Type 'string' is not assignable to type 'StrictCondition<ApplyBasicQueryCasting<ObjectId>> | undefined'.
  Overload 2 of 4, '(filter?: Query<any, any, {}, unknown, "find", Record<string, never>> | undefined, projection?: ProjectionType<IEmployer> | null | undefined, options?: (QueryOptions<...> & Abortable) | ... 1 more ... | undefined): Query<...>', gave the following error.
    Object literal may only specify known properties, and 'user_id' does not exist in type 'Query<any, any, {}, unknown, "find", Record<string, never>>'.
src/routes/matches.ts(28,41): error TS2769: No overload matches this call.
  Overload 1 of 4, '(filter?: _QueryFilter<{ _id: ObjectId; created_at: Date; updated_at: Date; $assertPopulated: <Paths = {}>(path: string | string[], values?: Partial<Paths> | undefined) => PopulateDocumentResult<...>; ... 309 more ...; "killer_answers.answer": string; }> | undefined, projection?: ProjectionType<...> | ... 1 more ... | undefined, options?: (QueryOptions<...> & Abortable) | ... 1 more ... | undefined): Query<...>', gave the following error.
    Type 'ObjectId' is not assignable to type 'StrictCondition<ApplyBasicQueryCasting<ObjectId>> | undefined'.
      Type 'ObjectId' is not assignable to type 'RemoveIndexSignature<FilterOperators<ObjectId | ObjectId[] | null>>'.
        Types of property 'id' are incompatible.
          Type 'Uint8Array<ArrayBufferLike>' is not assignable to type 'undefined'.
  Overload 2 of 4, '(filter?: Query<any, any, {}, unknown, "find", Record<string, never>> | undefined, projection?: ProjectionType<IApplication> | null | undefined, options?: (QueryOptions<...> & Abortable) | ... 1 more ... | undefined): Query<...>', gave the following error.
    Object literal may only specify known properties, and '_id' does not exist in type 'Query<any, any, {}, unknown, "find", Record<string, never>>'.
src/routes/matches.ts(47,5): error TS2769: No overload matches this call.
  Overload 1 of 2, '(filter?: _QueryFilter<{ _id: ObjectId; created_at: Date; $assertPopulated: <Paths = {}>(path: string | string[], values?: Partial<Paths> | undefined) => PopulateDocumentResult<IMatch, Paths, (Omit<...> & PopulatePathToRawDocType<...>)[] | ... 1 more ... | null, any>; ... 375 more ...; "employer_rating_id.validateAll": (validators: (RegExp | ... 1 more ... | ValidatorFunction<...>)[]) => ObjectId; }> | undefined, options?: (CountOptions & ... 2 more ... & Abortable) | ... 1 more ... | undefined): Query<...>', gave the following error.
    Type 'ObjectId' is not assignable to type 'StrictCondition<ApplyBasicQueryCasting<ObjectId>> | undefined'.
      Type 'ObjectId' is not assignable to type 'RemoveIndexSignature<FilterOperators<ObjectId | ObjectId[] | null>>'.
        Types of property 'id' are incompatible.
          Type 'Uint8Array<ArrayBufferLike>' is not assignable to type 'undefined'.
  Overload 2 of 2, '(filter?: Query<any, any, {}, unknown, "find", Record<string, never>> | undefined, options?: (CountOptions & Pick<QueryOptions<IMatch>, "timestamps" | ... 1 more ... | "lean"> & { ...; } & Abortable) | null | undefined): Query<...>', gave the following error.
    Object literal may only specify known properties, and 'job_id' does not exist in type 'Query<any, any, {}, unknown, "find", Record<string, never>>'.
src/routes/matches.ts(65,5): error TS2769: No overload matches this call.
  The last overload gave the following error.
    Type 'ObjectId' is not assignable to type '{ readonly schemaName?: "ObjectId" | undefined; auto?: ((turnOn: boolean) => ObjectId) | undefined; $conditionalHandlers?: { [x: string]: ((val: any, context: any) => any) | undefined; } | undefined; ... 23 more ...; validateAll?: ((validators: (RegExp | ... 1 more ... | ValidatorFunction<...>)[]) => ObjectId) | und...'.
      Type 'ObjectId' is not assignable to type '{ [x: string]: unknown; readonly schemaName?: StringQueryTypeCasting | undefined; auto?: ((turnOn: boolean) => ObjectId) | undefined; $conditionalHandlers?: { ...; } | ... 1 more ... | undefined; ... 23 more ...; validateAll?: ((validators: (RegExp | ... 1 more ... | ValidatorFunction<...>)[]) => ObjectId) | undefin...'.
        Index signature for type 'string' is missing in type 'ObjectId'.
src/routes/matches.ts(74,98): error TS2339: Property '_id' does not exist on type 'never'.
src/routes/matches.ts(95,33): error TS2339: Property '_id' does not exist on type 'never'.
src/routes/matches.ts(96,45): error TS2339: Property '_id' does not exist on type 'never'.
src/routes/matches.ts(101,60): error TS2339: Property '_id' does not exist on type 'never'.
src/routes/matches.ts(101,81): error TS2339: Property '_id' does not exist on type 'never'.
src/routes/matches.ts(143,47): error TS2769: No overload matches this call.
  Overload 1 of 4, '(filter?: _QueryFilter<{ _id: ObjectId; created_at: Date; updated_at: Date; $assertPopulated: <Paths = {}>(path: string | string[], values?: Partial<Paths> | undefined) => PopulateDocumentResult<...>; ... 350 more ...; "auto_post_template_id.validateAll": (validators: (RegExp | ... 1 more ... | ValidatorFunction<...>)[]) => ObjectId; }> | undefined, projection?: ProjectionType<...> | ... 1 more ... | undefined, options?: (QueryOptions<...> & Abortable) | ... 1 more ... | undefined): Query<...>', gave the following error.
    Type 'string' is not assignable to type 'StrictCondition<ApplyBasicQueryCasting<ObjectId>> | undefined'.
  Overload 2 of 4, '(filter?: Query<any, any, {}, unknown, "find", Record<string, never>> | undefined, projection?: ProjectionType<IEmployer> | null | undefined, options?: (QueryOptions<...> & Abortable) | ... 1 more ... | undefined): Query<...>', gave the following error.
    Object literal may only specify known properties, and 'user_id' does not exist in type 'Query<any, any, {}, unknown, "find", Record<string, never>>'.
src/routes/notifications.ts(10,51): error TS2769: No overload matches this call.
  Overload 1 of 4, '(filter?: _QueryFilter<{ _id: ObjectId; created_at: Date; $assertPopulated: <Paths = {}>(path: string | string[], values?: Partial<Paths> | undefined) => PopulateDocumentResult<INotification, Paths, (Omit<...> & PopulatePathToRawDocType<...>)[] | ... 1 more ... | null, any>; ... 253 more ...; deep_link: string; }> | undefined, projection?: ProjectionType<...> | ... 1 more ... | undefined, options?: (QueryOptions<...> & Abortable) | undefined): Query<...>', gave the following error.
    Type 'string' is not assignable to type 'StrictCondition<ApplyBasicQueryCasting<ObjectId>> | undefined'.
  Overload 2 of 4, '(filter?: Query<any, any, {}, unknown, "find", Record<string, never>> | undefined, projection?: ProjectionType<INotification> | null | undefined, options?: (QueryOptions<...> & Abortable) | undefined): Query<...>', gave the following error.
    Object literal may only specify known properties, and 'user_id' does not exist in type 'Query<any, any, {}, unknown, "find", Record<string, never>>'.
src/routes/notifications.ts(21,22): error TS2769: No overload matches this call.
  Overload 1 of 2, '(filter: _QueryFilter<{ _id: ObjectId; created_at: Date; $assertPopulated: <Paths = {}>(path: string | string[], values?: Partial<Paths> | undefined) => PopulateDocumentResult<INotification, Paths, (Omit<...> & PopulatePathToRawDocType<...>)[] | ... 1 more ... | null, any>; ... 253 more ...; deep_link: string; }>, update: UpdateWithAggregationPipeline | UpdateQuery<...>, options?: (UpdateOptions & MongooseUpdateQueryOptions<...>) | ... 1 more ... | undefined): Query<...>', gave the following error.
    Type 'string' is not assignable to type 'StrictCondition<ApplyBasicQueryCasting<ObjectId>> | undefined'.
  Overload 2 of 2, '(filter: Query<any, any, {}, unknown, "find", Record<string, never>>, update: UpdateWithAggregationPipeline | UpdateQuery<INotification>, options?: (UpdateOptions & MongooseUpdateQueryOptions<...>) | ... 1 more ... | undefined): Query<...>', gave the following error.
    Object literal may only specify known properties, and '_id' does not exist in type 'Query<any, any, {}, unknown, "find", Record<string, never>>'.
src/routes/notifications.ts(30,22): error TS2769: No overload matches this call.
  Overload 1 of 2, '(filter: _QueryFilter<{ _id: ObjectId; created_at: Date; $assertPopulated: <Paths = {}>(path: string | string[], values?: Partial<Paths> | undefined) => PopulateDocumentResult<INotification, Paths, (Omit<...> & PopulatePathToRawDocType<...>)[] | ... 1 more ... | null, any>; ... 253 more ...; deep_link: string; }>, update: UpdateWithAggregationPipeline | UpdateQuery<...>, options?: (UpdateOptions & MongooseUpdateQueryOptions<...>) | ... 1 more ... | undefined): Query<...>', gave the following error.
    Type 'string' is not assignable to type 'StrictCondition<ApplyBasicQueryCasting<ObjectId>> | undefined'.
  Overload 2 of 2, '(filter: Query<any, any, {}, unknown, "find", Record<string, never>>, update: UpdateWithAggregationPipeline | UpdateQuery<INotification>, options?: (UpdateOptions & MongooseUpdateQueryOptions<...>) | ... 1 more ... | undefined): Query<...>', gave the following error.
    Type 'boolean' is not assignable to type '(mode: string, tags?: any[] | undefined) => Query<any, any, {}, unknown, "find", Record<string, never>>'.
src/routes/ratings.ts(15,45): error TS2769: No overload matches this call.
  Overload 1 of 4, '(filter?: _QueryFilter<{ _id: ObjectId; created_at: Date; updated_at: Date; $assertPopulated: <Paths = {}>(path: string | string[], values?: Partial<Paths> | undefined) => PopulateDocumentResult<...>; ... 350 more ...; "auto_post_template_id.validateAll": (validators: (RegExp | ... 1 more ... | ValidatorFunction<...>)[]) => ObjectId; }> | undefined, projection?: ProjectionType<...> | ... 1 more ... | undefined, options?: (QueryOptions<...> & Abortable) | ... 1 more ... | undefined): Query<...>', gave the following error.
    Type 'string' is not assignable to type 'StrictCondition<ApplyBasicQueryCasting<ObjectId>> | undefined'.
  Overload 2 of 4, '(filter?: Query<any, any, {}, unknown, "find", Record<string, never>> | undefined, projection?: ProjectionType<IEmployer> | null | undefined, options?: (QueryOptions<...> & Abortable) | ... 1 more ... | undefined): Query<...>', gave the following error.
    Object literal may only specify known properties, and 'user_id' does not exist in type 'Query<any, any, {}, unknown, "find", Record<string, never>>'.
src/routes/ratings.ts(23,29): error TS2769: No overload matches this call.
  Overload 1 of 4, '(filter?: _QueryFilter<{ _id: ObjectId; created_at: Date; $assertPopulated: <Paths = {}>(path: string | string[], values?: Partial<Paths> | undefined) => PopulateDocumentResult<IMatch, Paths, (Omit<...> & PopulatePathToRawDocType<...>)[] | ... 1 more ... | null, any>; ... 375 more ...; "employer_rating_id.validateAll": (validators: (RegExp | ... 1 more ... | ValidatorFunction<...>)[]) => ObjectId; }> | undefined, projection?: ProjectionType<...> | ... 1 more ... | undefined, options?: (QueryOptions<...> & Abortable) | ... 1 more ... | undefined): Query<...>', gave the following error.
    Type 'ObjectId' is not assignable to type 'StrictCondition<ApplyBasicQueryCasting<ObjectId>> | undefined'.
      Type 'ObjectId' is not assignable to type 'RemoveIndexSignature<FilterOperators<ObjectId | ObjectId[] | null>>'.
        Types of property 'id' are incompatible.
          Type 'Uint8Array<ArrayBufferLike>' is not assignable to type 'undefined'.
  Overload 2 of 4, '(filter?: Query<any, any, {}, unknown, "find", Record<string, never>> | undefined, projection?: ProjectionType<IMatch> | null | undefined, options?: (QueryOptions<...> & Abortable) | ... 1 more ... | undefined): Query<...>', gave the following error.
    Object literal may only specify known properties, and '_id' does not exist in type 'Query<any, any, {}, unknown, "find", Record<string, never>>'.
src/routes/ratings.ts(32,5): error TS2769: No overload matches this call.
  The last overload gave the following error.
    Type 'ObjectId' is not assignable to type '{ readonly schemaName?: "ObjectId" | undefined; auto?: ((turnOn: boolean) => ObjectId) | undefined; $conditionalHandlers?: { [x: string]: ((val: any, context: any) => any) | undefined; } | undefined; ... 23 more ...; validateAll?: ((validators: (RegExp | ... 1 more ... | ValidatorFunction<...>)[]) => ObjectId) | und...'.
      Type 'ObjectId' is not assignable to type '{ [x: string]: unknown; readonly schemaName?: StringQueryTypeCasting | undefined; auto?: ((turnOn: boolean) => ObjectId) | undefined; $conditionalHandlers?: { ...; } | ... 1 more ... | undefined; ... 23 more ...; validateAll?: ((validators: (RegExp | ... 1 more ... | ValidatorFunction<...>)[]) => ObjectId) | undefin...'.
        Index signature for type 'string' is missing in type 'ObjectId'.
src/routes/ratings.ts(42,79): error TS2339: Property '_id' does not exist on type 'never'.
src/routes/ratings.ts(47,67): error TS2339: Property '_id' does not exist on type 'never'.
src/routes/ratings.ts(52,41): error TS2769: No overload matches this call.
  Overload 1 of 4, '(filter?: _QueryFilter<{ _id: ObjectId; fcm_token: string; created_at: Date; updated_at: Date; $assertPopulated: <Paths = {}>(path: string | string[], values?: Partial<Paths> | undefined) => PopulateDocumentResult<...>; ... 389 more ...; "referred_by_admin_id.validateAll": (validators: (RegExp | ... 1 more ... | ValidatorFunction<...>)[]) => ObjectId; }> | undefined, projection?: ProjectionType<...> | ... 1 more ... | undefined, options?: (QueryOptions<...> & Abortable) | ... 1 more ... | undefined): Query<...>', gave the following error.
    Type 'string' is not assignable to type 'StrictCondition<ApplyBasicQueryCasting<ObjectId>> | undefined'.
  Overload 2 of 4, '(filter?: Query<any, any, {}, unknown, "find", Record<string, never>> | undefined, projection?: ProjectionType<IWorker> | null | undefined, options?: (QueryOptions<...> & Abortable) | ... 1 more ... | undefined): Query<...>', gave the following error.
    Object literal may only specify known properties, and 'user_id' does not exist in type 'Query<any, any, {}, unknown, "find", Record<string, never>>'.
src/routes/ratings.ts(60,29): error TS2769: No overload matches this call.
  Overload 1 of 4, '(filter?: _QueryFilter<{ _id: ObjectId; created_at: Date; $assertPopulated: <Paths = {}>(path: string | string[], values?: Partial<Paths> | undefined) => PopulateDocumentResult<IMatch, Paths, (Omit<...> & PopulatePathToRawDocType<...>)[] | ... 1 more ... | null, any>; ... 375 more ...; "employer_rating_id.validateAll": (validators: (RegExp | ... 1 more ... | ValidatorFunction<...>)[]) => ObjectId; }> | undefined, projection?: ProjectionType<...> | ... 1 more ... | undefined, options?: (QueryOptions<...> & Abortable) | ... 1 more ... | undefined): Query<...>', gave the following error.
    Type 'ObjectId' is not assignable to type 'StrictCondition<ApplyBasicQueryCasting<ObjectId>> | undefined'.
      Type 'ObjectId' is not assignable to type 'RemoveIndexSignature<FilterOperators<ObjectId | ObjectId[] | null>>'.
        Types of property 'id' are incompatible.
          Type 'Uint8Array<ArrayBufferLike>' is not assignable to type 'undefined'.
  Overload 2 of 4, '(filter?: Query<any, any, {}, unknown, "find", Record<string, never>> | undefined, projection?: ProjectionType<IMatch> | null | undefined, options?: (QueryOptions<...> & Abortable) | ... 1 more ... | undefined): Query<...>', gave the following error.
    Object literal may only specify known properties, and '_id' does not exist in type 'Query<any, any, {}, unknown, "find", Record<string, never>>'.
src/routes/ratings.ts(89,47): error TS2769: No overload matches this call.
  Overload 1 of 4, '(filter?: _QueryFilter<{ _id: ObjectId; created_at: Date; $assertPopulated: <Paths = {}>(path: string | string[], values?: Partial<Paths> | undefined) => PopulateDocumentResult<IRatingEmployer, Paths, (Omit<...> & PopulatePathToRawDocType<...>)[] | ... 1 more ... | null, any>; ... 280 more ...; "match_id.validateAll": (validators: (RegExp | ... 1 more ... | ValidatorFunction<...>)[]) => ObjectId; }> | undefined, projection?: ProjectionType<...> | ... 1 more ... | undefined, options?: (QueryOptions<...> & Abortable) | undefined): Query<...>', gave the following error.
    Type 'string' is not assignable to type 'StrictCondition<ApplyBasicQueryCasting<ObjectId>> | undefined'.
  Overload 2 of 4, '(filter?: Query<any, any, {}, unknown, "find", Record<string, never>> | undefined, projection?: ProjectionType<IRatingEmployer> | null | undefined, options?: (QueryOptions<...> & Abortable) | undefined): Query<...>', gave the following error.
    Object literal may only specify known properties, and 'employer_id' does not exist in type 'Query<any, any, {}, unknown, "find", Record<string, never>>'.
src/routes/referrals.ts(17,43): error TS2769: No overload matches this call.
  Overload 1 of 4, '(filter?: _QueryFilter<{ _id: ObjectId; fcm_token: string; created_at: Date; updated_at: Date; $assertPopulated: <Paths = {}>(path: string | string[], values?: Partial<Paths> | undefined) => PopulateDocumentResult<...>; ... 389 more ...; "referred_by_admin_id.validateAll": (validators: (RegExp | ... 1 more ... | ValidatorFunction<...>)[]) => ObjectId; }> | undefined, projection?: ProjectionType<...> | ... 1 more ... | undefined, options?: (QueryOptions<...> & Abortable) | ... 1 more ... | undefined): Query<...>', gave the following error.
    Type 'ObjectId' is not assignable to type 'StrictCondition<ApplyBasicQueryCasting<ObjectId>> | undefined'.
      Type 'ObjectId' is not assignable to type 'RemoveIndexSignature<FilterOperators<ObjectId | ObjectId[] | null>>'.
        Types of property 'id' are incompatible.
          Type 'Uint8Array<ArrayBufferLike>' is not assignable to type 'undefined'.
  Overload 2 of 4, '(filter?: Query<any, any, {}, unknown, "find", Record<string, never>> | undefined, projection?: ProjectionType<IWorker> | null | undefined, options?: (QueryOptions<...> & Abortable) | ... 1 more ... | undefined): Query<...>', gave the following error.
    Object literal may only specify known properties, and 'user_id' does not exist in type 'Query<any, any, {}, unknown, "find", Record<string, never>>'.
src/routes/referrals.ts(22,45): error TS2769: No overload matches this call.
  Overload 1 of 4, '(filter?: _QueryFilter<{ _id: ObjectId; $assertPopulated: <Paths = {}>(path: string | string[], values?: Partial<Paths> | undefined) => PopulateDocumentResult<IReferral, Paths, (Omit<...> & PopulatePathToRawDocType<...>)[] | ... 1 more ... | null, any>; ... 281 more ...; "referred_worker_id.validateAll": (validators: (RegExp | ... 1 more ... | ValidatorFunction<...>)[]) => ObjectId; }> | undefined, projection?: ProjectionType<...> | ... 1 more ... | undefined, options?: (QueryOptions<...> & Abortable) | undefined): Query<...>', gave the following error.
    Type 'ObjectId' is not assignable to type 'StrictCondition<ApplyBasicQueryCasting<ObjectId>> | undefined'.
      Type 'ObjectId' is not assignable to type 'RemoveIndexSignature<FilterOperators<ObjectId | ObjectId[] | null>>'.
        Types of property 'id' are incompatible.
          Type 'Uint8Array<ArrayBufferLike>' is not assignable to type 'undefined'.
  Overload 2 of 4, '(filter?: Query<any, any, {}, unknown, "find", Record<string, never>> | undefined, projection?: ProjectionType<IReferral> | null | undefined, options?: (QueryOptions<...> & Abortable) | undefined): Query<...>', gave the following error.
    Object literal may only specify known properties, and 'referrer_worker_id' does not exist in type 'Query<any, any, {}, unknown, "find", Record<string, never>>'.
src/routes/referrals.ts(49,43): error TS2769: No overload matches this call.
  Overload 1 of 4, '(filter?: _QueryFilter<{ _id: ObjectId; fcm_token: string; created_at: Date; updated_at: Date; $assertPopulated: <Paths = {}>(path: string | string[], values?: Partial<Paths> | undefined) => PopulateDocumentResult<...>; ... 389 more ...; "referred_by_admin_id.validateAll": (validators: (RegExp | ... 1 more ... | ValidatorFunction<...>)[]) => ObjectId; }> | undefined, projection?: ProjectionType<...> | ... 1 more ... | undefined, options?: (QueryOptions<...> & Abortable) | ... 1 more ... | undefined): Query<...>', gave the following error.
    Type 'ObjectId' is not assignable to type 'StrictCondition<ApplyBasicQueryCasting<ObjectId>> | undefined'.
      Type 'ObjectId' is not assignable to type 'RemoveIndexSignature<FilterOperators<ObjectId | ObjectId[] | null>>'.
        Types of property 'id' are incompatible.
          Type 'Uint8Array<ArrayBufferLike>' is not assignable to type 'undefined'.
  Overload 2 of 4, '(filter?: Query<any, any, {}, unknown, "find", Record<string, never>> | undefined, projection?: ProjectionType<IWorker> | null | undefined, options?: (QueryOptions<...> & Abortable) | ... 1 more ... | undefined): Query<...>', gave the following error.
    Object literal may only specify known properties, and 'user_id' does not exist in type 'Query<any, any, {}, unknown, "find", Record<string, never>>'.
src/routes/referrals.ts(61,47): error TS2769: No overload matches this call.
  Overload 1 of 4, '(filter?: _QueryFilter<{ _id: ObjectId; $assertPopulated: <Paths = {}>(path: string | string[], values?: Partial<Paths> | undefined) => PopulateDocumentResult<IReferral, Paths, (Omit<...> & PopulatePathToRawDocType<...>)[] | ... 1 more ... | null, any>; ... 281 more ...; "referred_worker_id.validateAll": (validators: (RegExp | ... 1 more ... | ValidatorFunction<...>)[]) => ObjectId; }> | undefined, projection?: ProjectionType<...> | ... 1 more ... | undefined, options?: (QueryOptions<...> & Abortable) | ... 1 more ... | undefined): Query<...>', gave the following error.
    Type 'ObjectId' is not assignable to type 'StrictCondition<ApplyBasicQueryCasting<ObjectId>> | undefined'.
      Type 'ObjectId' is not assignable to type 'RemoveIndexSignature<FilterOperators<ObjectId | ObjectId[] | null>>'.
        Types of property 'id' are incompatible.
          Type 'Uint8Array<ArrayBufferLike>' is not assignable to type 'undefined'.
  Overload 2 of 4, '(filter?: Query<any, any, {}, unknown, "find", Record<string, never>> | undefined, projection?: ProjectionType<IReferral> | null | undefined, options?: (QueryOptions<...> & Abortable) | ... 1 more ... | undefined): Query<...>', gave the following error.
    Object literal may only specify known properties, and 'referred_worker_id' does not exist in type 'Query<any, any, {}, unknown, "find", Record<string, never>>'.
src/routes/referrals.ts(65,7): error TS2769: No overload matches this call.
  The last overload gave the following error.
    Type 'ObjectId' is not assignable to type '{ readonly schemaName?: "ObjectId" | undefined; auto?: ((turnOn: boolean) => ObjectId) | undefined; $conditionalHandlers?: { [x: string]: ((val: any, context: any) => any) | undefined; } | undefined; ... 23 more ...; validateAll?: ((validators: (RegExp | ... 1 more ... | ValidatorFunction<...>)[]) => ObjectId) | und...'.
      Type 'ObjectId' is not assignable to type '{ [x: string]: unknown; readonly schemaName?: StringQueryTypeCasting | undefined; auto?: ((turnOn: boolean) => ObjectId) | undefined; $conditionalHandlers?: { ...; } | ... 1 more ... | undefined; ... 23 more ...; validateAll?: ((validators: (RegExp | ... 1 more ... | ValidatorFunction<...>)[]) => ObjectId) | undefin...'.
        Index signature for type 'string' is missing in type 'ObjectId'.
          Type 'ObjectId' is not assignable to type '{ readonly schemaName?: "ObjectId" | undefined; auto?: ((turnOn: boolean) => ObjectId) | undefined; $conditionalHandlers?: { [x: string]: ((val: any, context: any) => any) | undefined; } | undefined; ... 23 more ...; validateAll?: ((validators: (RegExp | ... 1 more ... | ValidatorFunction<...>)[]) => ObjectId) | und...'.
            Type 'ObjectId' is not assignable to type '{ [x: string]: unknown; readonly schemaName?: StringQueryTypeCasting | undefined; auto?: ((turnOn: boolean) => ObjectId) | undefined; $conditionalHandlers?: { ...; } | ... 1 more ... | undefined; ... 23 more ...; validateAll?: ((validators: (RegExp | ... 1 more ... | ValidatorFunction<...>)[]) => ObjectId) | undefin...'.
              Index signature for type 'string' is missing in type 'ObjectId'.
src/routes/referrals.ts(66,7): error TS2769: No overload matches this call.
  The last overload gave the following error.
    Type 'ObjectId' is not assignable to type '{ readonly schemaName?: "ObjectId" | undefined; auto?: ((turnOn: boolean) => ObjectId) | undefined; $conditionalHandlers?: { [x: string]: ((val: any, context: any) => any) | undefined; } | undefined; ... 23 more ...; validateAll?: ((validators: (RegExp | ... 1 more ... | ValidatorFunction<...>)[]) => ObjectId) | und...'.
      Type 'ObjectId' is not assignable to type '{ [x: string]: unknown; readonly schemaName?: StringQueryTypeCasting | undefined; auto?: ((turnOn: boolean) => ObjectId) | undefined; $conditionalHandlers?: { ...; } | ... 1 more ... | undefined; ... 23 more ...; validateAll?: ((validators: (RegExp | ... 1 more ... | ValidatorFunction<...>)[]) => ObjectId) | undefin...'.
        Index signature for type 'string' is missing in type 'ObjectId'.
          Type 'ObjectId' is not assignable to type '{ readonly schemaName?: "ObjectId" | undefined; auto?: ((turnOn: boolean) => ObjectId) | undefined; $conditionalHandlers?: { [x: string]: ((val: any, context: any) => any) | undefined; } | undefined; ... 23 more ...; validateAll?: ((validators: (RegExp | ... 1 more ... | ValidatorFunction<...>)[]) => ObjectId) | und...'.
            Type 'ObjectId' is not assignable to type '{ [x: string]: unknown; readonly schemaName?: StringQueryTypeCasting | undefined; auto?: ((turnOn: boolean) => ObjectId) | undefined; $conditionalHandlers?: { ...; } | ... 1 more ... | undefined; ... 23 more ...; validateAll?: ((validators: (RegExp | ... 1 more ... | ValidatorFunction<...>)[]) => ObjectId) | undefin...'.
              Index signature for type 'string' is missing in type 'ObjectId'.
src/routes/whisper.ts(27,41): error TS2769: No overload matches this call.
  Overload 1 of 4, '(filter?: _QueryFilter<{ _id: ObjectId; fcm_token: string; created_at: Date; updated_at: Date; $assertPopulated: <Paths = {}>(path: string | string[], values?: Partial<Paths> | undefined) => PopulateDocumentResult<...>; ... 389 more ...; "referred_by_admin_id.validateAll": (validators: (RegExp | ... 1 more ... | ValidatorFunction<...>)[]) => ObjectId; }> | undefined, projection?: ProjectionType<...> | ... 1 more ... | undefined, options?: (QueryOptions<...> & Abortable) | ... 1 more ... | undefined): Query<...>', gave the following error.
    Type 'string' is not assignable to type 'StrictCondition<ApplyBasicQueryCasting<ObjectId>> | undefined'.
  Overload 2 of 4, '(filter?: Query<any, any, {}, unknown, "find", Record<string, never>> | undefined, projection?: ProjectionType<IWorker> | null | undefined, options?: (QueryOptions<...> & Abortable) | ... 1 more ... | undefined): Query<...>', gave the following error.
    Object literal may only specify known properties, and 'user_id' does not exist in type 'Query<any, any, {}, unknown, "find", Record<string, never>>'.
src/routes/workers.ts(16,41): error TS2769: No overload matches this call.
  Overload 1 of 4, '(filter?: _QueryFilter<{ _id: ObjectId; fcm_token: string; created_at: Date; updated_at: Date; $assertPopulated: <Paths = {}>(path: string | string[], values?: Partial<Paths> | undefined) => PopulateDocumentResult<...>; ... 389 more ...; "referred_by_admin_id.validateAll": (validators: (RegExp | ... 1 more ... | ValidatorFunction<...>)[]) => ObjectId; }> | undefined, projection?: ProjectionType<...> | ... 1 more ... | undefined, options?: (QueryOptions<...> & Abortable) | ... 1 more ... | undefined): Query<...>', gave the following error.
    Type 'string' is not assignable to type 'StrictCondition<ApplyBasicQueryCasting<ObjectId>> | undefined'.
  Overload 2 of 4, '(filter?: Query<any, any, {}, unknown, "find", Record<string, never>> | undefined, projection?: ProjectionType<IWorker> | null | undefined, options?: (QueryOptions<...> & Abortable) | ... 1 more ... | undefined): Query<...>', gave the following error.
    Object literal may only specify known properties, and 'user_id' does not exist in type 'Query<any, any, {}, unknown, "find", Record<string, never>>'.
src/routes/workers.ts(45,41): error TS2769: No overload matches this call.
  Overload 1 of 4, '(filter?: _QueryFilter<{ _id: ObjectId; fcm_token: string; created_at: Date; updated_at: Date; $assertPopulated: <Paths = {}>(path: string | string[], values?: Partial<Paths> | undefined) => PopulateDocumentResult<...>; ... 389 more ...; "referred_by_admin_id.validateAll": (validators: (RegExp | ... 1 more ... | ValidatorFunction<...>)[]) => ObjectId; }> | undefined, projection?: ProjectionType<...> | ... 1 more ... | undefined, options?: (QueryOptions<...> & Abortable) | ... 1 more ... | undefined): Query<...>', gave the following error.
    Type 'string' is not assignable to type 'StrictCondition<ApplyBasicQueryCasting<ObjectId>> | undefined'.
  Overload 2 of 4, '(filter?: Query<any, any, {}, unknown, "find", Record<string, never>> | undefined, projection?: ProjectionType<IWorker> | null | undefined, options?: (QueryOptions<...> & Abortable) | ... 1 more ... | undefined): Query<...>', gave the following error.
    Object literal may only specify known properties, and 'user_id' does not exist in type 'Query<any, any, {}, unknown, "find", Record<string, never>>'.
src/routes/workers.ts(60,43): error TS2769: No overload matches this call.
  Overload 1 of 4, '(filter?: _QueryFilter<{ _id: ObjectId; fcm_token: string; created_at: Date; updated_at: Date; $assertPopulated: <Paths = {}>(path: string | string[], values?: Partial<Paths> | undefined) => PopulateDocumentResult<...>; ... 389 more ...; "referred_by_admin_id.validateAll": (validators: (RegExp | ... 1 more ... | ValidatorFunction<...>)[]) => ObjectId; }> | undefined, projection?: ProjectionType<...> | ... 1 more ... | undefined, options?: (QueryOptions<...> & Abortable) | ... 1 more ... | undefined): Query<...>', gave the following error.
    Type 'string' is not assignable to type 'StrictCondition<ApplyBasicQueryCasting<ObjectId>> | undefined'.
  Overload 2 of 4, '(filter?: Query<any, any, {}, unknown, "find", Record<string, never>> | undefined, projection?: ProjectionType<IWorker> | null | undefined, options?: (QueryOptions<...> & Abortable) | ... 1 more ... | undefined): Query<...>', gave the following error.
    Object literal may only specify known properties, and 'user_id' does not exist in type 'Query<any, any, {}, unknown, "find", Record<string, never>>'.
src/routes/workers.ts(95,7): error TS2769: No overload matches this call.
  The last overload gave the following error.
    Type 'string' is not assignable to type '{ readonly schemaName?: "ObjectId" | undefined; auto?: ((turnOn: boolean) => ObjectId) | undefined; $conditionalHandlers?: { [x: string]: ((val: any, context: any) => any) | undefined; } | undefined; ... 23 more ...; validateAll?: ((validators: (RegExp | ... 1 more ... | ValidatorFunction<...>)[]) => ObjectId) | und...'.
src/routes/workers.ts(106,27): error TS2339: Property '_id' does not exist on type 'never'.
src/routes/workers.ts(203,9): error TS2769: No overload matches this call.
  The last overload gave the following error.
    Object literal may only specify known properties, and 'user_id' does not exist in type 'Query<any, any, {}, unknown, "find", Record<string, never>>'.
src/routes/workers.ts(239,7): error TS2769: No overload matches this call.
  The last overload gave the following error.
    Object literal may only specify known properties, and 'user_id' does not exist in type 'Query<any, any, {}, unknown, "find", Record<string, never>>'.
src/routes/workers.ts(260,41): error TS2769: No overload matches this call.
  Overload 1 of 4, '(filter?: _QueryFilter<{ _id: ObjectId; fcm_token: string; created_at: Date; updated_at: Date; $assertPopulated: <Paths = {}>(path: string | string[], values?: Partial<Paths> | undefined) => PopulateDocumentResult<...>; ... 389 more ...; "referred_by_admin_id.validateAll": (validators: (RegExp | ... 1 more ... | ValidatorFunction<...>)[]) => ObjectId; }> | undefined, projection?: ProjectionType<...> | ... 1 more ... | undefined, options?: (QueryOptions<...> & Abortable) | ... 1 more ... | undefined): Query<...>', gave the following error.
    Type 'string' is not assignable to type 'StrictCondition<ApplyBasicQueryCasting<ObjectId>> | undefined'.
  Overload 2 of 4, '(filter?: Query<any, any, {}, unknown, "find", Record<string, never>> | undefined, projection?: ProjectionType<IWorker> | null | undefined, options?: (QueryOptions<...> & Abortable) | ... 1 more ... | undefined): Query<...>', gave the following error.
    Object literal may only specify known properties, and 'user_id' does not exist in type 'Query<any, any, {}, unknown, "find", Record<string, never>>'.
src/routes/workers.ts(295,41): error TS2769: No overload matches this call.
  Overload 1 of 4, '(filter?: _QueryFilter<{ _id: ObjectId; fcm_token: string; created_at: Date; updated_at: Date; $assertPopulated: <Paths = {}>(path: string | string[], values?: Partial<Paths> | undefined) => PopulateDocumentResult<...>; ... 389 more ...; "referred_by_admin_id.validateAll": (validators: (RegExp | ... 1 more ... | ValidatorFunction<...>)[]) => ObjectId; }> | undefined, projection?: ProjectionType<...> | ... 1 more ... | undefined, options?: (QueryOptions<...> & Abortable) | ... 1 more ... | undefined): Query<...>', gave the following error.
    Type 'string' is not assignable to type 'StrictCondition<ApplyBasicQueryCasting<ObjectId>> | undefined'.
  Overload 2 of 4, '(filter?: Query<any, any, {}, unknown, "find", Record<string, never>> | undefined, projection?: ProjectionType<IWorker> | null | undefined, options?: (QueryOptions<...> & Abortable) | ... 1 more ... | undefined): Query<...>', gave the following error.
    Object literal may only specify known properties, and 'user_id' does not exist in type 'Query<any, any, {}, unknown, "find", Record<string, never>>'.
src/services/dispatchService.ts(21,47): error TS2769: No overload matches this call.
  Overload 2 of 4, '(filter?: Query<any, any, {}, unknown, "find", Record<string, never>> | undefined, projection?: ProjectionType<IMatch> | null | undefined, options?: (QueryOptions<...> & Abortable) | ... 1 more ... | undefined): Query<...>', gave the following error.
    Object literal may only specify known properties, and 'job_id' does not exist in type 'Query<any, any, {}, unknown, "find", Record<string, never>>'.
src/services/dispatchService.ts(26,5): error TS2769: No overload matches this call.
  Overload 1 of 2, '(filter?: _QueryFilter<{ _id: ObjectId; created_at: Date; $assertPopulated: <Paths = {}>(path: string | string[], values?: Partial<Paths> | undefined) => PopulateDocumentResult<IMatch, Paths, (Omit<...> & PopulatePathToRawDocType<...>)[] | ... 1 more ... | null, any>; ... 375 more ...; "employer_rating_id.validateAll": (validators: (RegExp | ... 1 more ... | ValidatorFunction<...>)[]) => ObjectId; }> | undefined, options?: (CountOptions & ... 2 more ... & Abortable) | ... 1 more ... | undefined): Query<...>', gave the following error.
    Type 'string' is not assignable to type 'StrictCondition<ApplyBasicQueryCasting<ObjectId>> | undefined'.
  Overload 2 of 2, '(filter?: Query<any, any, {}, unknown, "find", Record<string, never>> | undefined, options?: (CountOptions & Pick<QueryOptions<IMatch>, "timestamps" | ... 1 more ... | "lean"> & { ...; } & Abortable) | null | undefined): Query<...>', gave the following error.
    Object literal may only specify known properties, and 'job_id' does not exist in type 'Query<any, any, {}, unknown, "find", Record<string, never>>'.
src/services/dispatchService.ts(37,5): error TS2769: No overload matches this call.
  The last overload gave the following error.
    Type 'string' is not assignable to type '{ readonly schemaName?: "ObjectId" | undefined; auto?: ((turnOn: boolean) => ObjectId) | undefined; $conditionalHandlers?: { [x: string]: ((val: any, context: any) => any) | undefined; } | undefined; ... 23 more ...; validateAll?: ((validators: (RegExp | ... 1 more ... | ValidatorFunction<...>)[]) => ObjectId) | und...'.
      Type 'string' is not assignable to type '{ readonly schemaName?: "ObjectId" | undefined; auto?: ((turnOn: boolean) => ObjectId) | undefined; $conditionalHandlers?: { [x: string]: ((val: any, context: any) => any) | undefined; } | undefined; ... 23 more ...; validateAll?: ((validators: (RegExp | ... 1 more ... | ValidatorFunction<...>)[]) => ObjectId) | und...'.
src/services/dispatchService.ts(38,5): error TS2769: No overload matches this call.
  The last overload gave the following error.
    Type 'string' is not assignable to type '{ readonly schemaName?: "ObjectId" | undefined; auto?: ((turnOn: boolean) => ObjectId) | undefined; $conditionalHandlers?: { [x: string]: ((val: any, context: any) => any) | undefined; } | undefined; ... 23 more ...; validateAll?: ((validators: (RegExp | ... 1 more ... | ValidatorFunction<...>)[]) => ObjectId) | und...'.
      Type 'string' is not assignable to type '{ readonly schemaName?: "ObjectId" | undefined; auto?: ((turnOn: boolean) => ObjectId) | undefined; $conditionalHandlers?: { [x: string]: ((val: any, context: any) => any) | undefined; } | undefined; ... 23 more ...; validateAll?: ((validators: (RegExp | ... 1 more ... | ValidatorFunction<...>)[]) => ObjectId) | und...'.
src/services/dispatchService.ts(52,5): error TS2769: No overload matches this call.
  The last overload gave the following error.
    Type 'string' is not assignable to type '{ readonly schemaName?: "ObjectId" | undefined; auto?: ((turnOn: boolean) => ObjectId) | undefined; $conditionalHandlers?: { [x: string]: ((val: any, context: any) => any) | undefined; } | undefined; ... 23 more ...; validateAll?: ((validators: (RegExp | ... 1 more ... | ValidatorFunction<...>)[]) => ObjectId) | und...'.
      Type 'string' is not assignable to type '{ readonly schemaName?: "ObjectId" | undefined; auto?: ((turnOn: boolean) => ObjectId) | undefined; $conditionalHandlers?: { [x: string]: ((val: any, context: any) => any) | undefined; } | undefined; ... 23 more ...; validateAll?: ((validators: (RegExp | ... 1 more ... | ValidatorFunction<...>)[]) => ObjectId) | und...'.
src/services/dispatchService.ts(53,5): error TS2769: No overload matches this call.
  The last overload gave the following error.
    Type 'string' is not assignable to type '{ readonly schemaName?: "ObjectId" | undefined; auto?: ((turnOn: boolean) => ObjectId) | undefined; $conditionalHandlers?: { [x: string]: ((val: any, context: any) => any) | undefined; } | undefined; ... 23 more ...; validateAll?: ((validators: (RegExp | ... 1 more ... | ValidatorFunction<...>)[]) => ObjectId) | und...'.
      Type 'string' is not assignable to type '{ readonly schemaName?: "ObjectId" | undefined; auto?: ((turnOn: boolean) => ObjectId) | undefined; $conditionalHandlers?: { [x: string]: ((val: any, context: any) => any) | undefined; } | undefined; ... 23 more ...; validateAll?: ((validators: (RegExp | ... 1 more ... | ValidatorFunction<...>)[]) => ObjectId) | und...'.
src/services/dispatchService.ts(60,56): error TS2339: Property '_id' does not exist on type 'never'.
src/services/dispatchService.ts(62,43): error TS2339: Property '_id' does not exist on type 'never'.
src/services/dispatchService.ts(100,7): error TS2769: No overload matches this call.
  The last overload gave the following error.
    Type 'ObjectId' is not assignable to type '{ readonly schemaName?: "ObjectId" | undefined; auto?: ((turnOn: boolean) => ObjectId) | undefined; $conditionalHandlers?: { [x: string]: ((val: any, context: any) => any) | undefined; } | undefined; ... 23 more ...; validateAll?: ((validators: (RegExp | ... 1 more ... | ValidatorFunction<...>)[]) => ObjectId) | und...'.
      Type 'ObjectId' is not assignable to type '{ [x: string]: unknown; readonly schemaName?: StringQueryTypeCasting | undefined; auto?: ((turnOn: boolean) => ObjectId) | undefined; $conditionalHandlers?: { ...; } | ... 1 more ... | undefined; ... 23 more ...; validateAll?: ((validators: (RegExp | ... 1 more ... | ValidatorFunction<...>)[]) => ObjectId) | undefin...'.
        Index signature for type 'string' is missing in type 'ObjectId'.
          Type 'ObjectId' is not assignable to type '{ readonly schemaName?: "ObjectId" | undefined; auto?: ((turnOn: boolean) => ObjectId) | undefined; $conditionalHandlers?: { [x: string]: ((val: any, context: any) => any) | undefined; } | undefined; ... 23 more ...; validateAll?: ((validators: (RegExp | ... 1 more ... | ValidatorFunction<...>)[]) => ObjectId) | und...'.
            Type 'ObjectId' is not assignable to type '{ [x: string]: unknown; readonly schemaName?: StringQueryTypeCasting | undefined; auto?: ((turnOn: boolean) => ObjectId) | undefined; $conditionalHandlers?: { ...; } | ... 1 more ... | undefined; ... 23 more ...; validateAll?: ((validators: (RegExp | ... 1 more ... | ValidatorFunction<...>)[]) => ObjectId) | undefin...'.
              Index signature for type 'string' is missing in type 'ObjectId'.
src/services/dispatchService.ts(101,7): error TS2769: No overload matches this call.
  The last overload gave the following error.
    Type 'ObjectId' is not assignable to type '{ readonly schemaName?: "ObjectId" | undefined; auto?: ((turnOn: boolean) => ObjectId) | undefined; $conditionalHandlers?: { [x: string]: ((val: any, context: any) => any) | undefined; } | undefined; ... 23 more ...; validateAll?: ((validators: (RegExp | ... 1 more ... | ValidatorFunction<...>)[]) => ObjectId) | und...'.
      Type 'ObjectId' is not assignable to type '{ [x: string]: unknown; readonly schemaName?: StringQueryTypeCasting | undefined; auto?: ((turnOn: boolean) => ObjectId) | undefined; $conditionalHandlers?: { ...; } | ... 1 more ... | undefined; ... 23 more ...; validateAll?: ((validators: (RegExp | ... 1 more ... | ValidatorFunction<...>)[]) => ObjectId) | undefin...'.
        Index signature for type 'string' is missing in type 'ObjectId'.
          Type 'ObjectId' is not assignable to type '{ readonly schemaName?: "ObjectId" | undefined; auto?: ((turnOn: boolean) => ObjectId) | undefined; $conditionalHandlers?: { [x: string]: ((val: any, context: any) => any) | undefined; } | undefined; ... 23 more ...; validateAll?: ((validators: (RegExp | ... 1 more ... | ValidatorFunction<...>)[]) => ObjectId) | und...'.
            Type 'ObjectId' is not assignable to type '{ [x: string]: unknown; readonly schemaName?: StringQueryTypeCasting | undefined; auto?: ((turnOn: boolean) => ObjectId) | undefined; $conditionalHandlers?: { ...; } | ... 1 more ... | undefined; ... 23 more ...; validateAll?: ((validators: (RegExp | ... 1 more ... | ValidatorFunction<...>)[]) => ObjectId) | undefin...'.
              Index signature for type 'string' is missing in type 'ObjectId'.
src/services/notificationService.ts(58,39): error TS2769: No overload matches this call.
  Overload 1 of 4, '(filter?: _QueryFilter<{ _id: ObjectId; phone_number: string; firebase_uid: string; language: string; has_worker: boolean; has_employer: boolean; active_role: NonNullable<"worker" | "employer" | undefined>; ... 226 more ...; "schema.virtualpath": (name: string) => VirtualType<...> | null; }> | undefined, projection?: ProjectionType<...> | ... 1 more ... | undefined, options?: (QueryOptions<...> & Abortable) | ... 1 more ... | undefined): Query<...>', gave the following error.
    Type 'ObjectId' is not assignable to type 'StrictCondition<ApplyBasicQueryCasting<ObjectId>> | undefined'.
      Type 'ObjectId' is missing the following properties from type 'BSONRegExp': _bsontype, pattern, inspect, [bsonType]
  Overload 2 of 4, '(filter?: Query<any, any, {}, unknown, "find", Record<string, never>> | undefined, projection?: ProjectionType<IUser> | null | undefined, options?: (QueryOptions<...> & Abortable) | ... 1 more ... | undefined): Query<...>', gave the following error.
    Object literal may only specify known properties, and '_id' does not exist in type 'Query<any, any, {}, unknown, "find", Record<string, never>>'.
src/services/notificationService.ts(76,39): error TS2769: No overload matches this call.
  Overload 1 of 4, '(filter?: _QueryFilter<{ _id: ObjectId; phone_number: string; firebase_uid: string; language: string; has_worker: boolean; has_employer: boolean; active_role: NonNullable<"worker" | "employer" | undefined>; ... 226 more ...; "schema.virtualpath": (name: string) => VirtualType<...> | null; }> | undefined, projection?: ProjectionType<...> | ... 1 more ... | undefined, options?: (QueryOptions<...> & Abortable) | ... 1 more ... | undefined): Query<...>', gave the following error.
    Type 'ObjectId' is not assignable to type 'StrictCondition<ApplyBasicQueryCasting<ObjectId>> | undefined'.
      Type 'ObjectId' is missing the following properties from type 'BSONRegExp': _bsontype, pattern, inspect, [bsonType]
  Overload 2 of 4, '(filter?: Query<any, any, {}, unknown, "find", Record<string, never>> | undefined, projection?: ProjectionType<IUser> | null | undefined, options?: (QueryOptions<...> & Abortable) | ... 1 more ... | undefined): Query<...>', gave the following error.
    Object literal may only specify known properties, and '_id' does not exist in type 'Query<any, any, {}, unknown, "find", Record<string, never>>'.
src/services/notificationService.ts(99,31): error TS2769: No overload matches this call.
  The last overload gave the following error.
    Argument of type '{ user_id: string; type: string; title: string; body: string; data?: Record<string, unknown> | undefined; deep_link?: string | undefined; }' is not assignable to parameter of type '{ user_id?: { readonly schemaName?: "ObjectId" | undefined; auto?: ((turnOn: boolean) => ObjectId) | undefined; $conditionalHandlers?: { [x: string]: ((val: any, context: any) => any) | undefined; } | undefined; ... 23 more ...; validateAll?: ((validators: (RegExp | ... 1 more ... | ValidatorFunction<...>)[]) => Obj...'.
      Types of property 'user_id' are incompatible.
        Type 'string' is not assignable to type '{ readonly schemaName?: "ObjectId" | undefined; auto?: ((turnOn: boolean) => ObjectId) | undefined; $conditionalHandlers?: { [x: string]: ((val: any, context: any) => any) | undefined; } | undefined; ... 23 more ...; validateAll?: ((validators: (RegExp | ... 1 more ... | ValidatorFunction<...>)[]) => ObjectId) | und...'.
src/services/platformEventService.ts(5,34): error TS2769: No overload matches this call.
  The last overload gave the following error.
    Type 'string' is not assignable to type '{ readonly schemaName?: "ObjectId" | undefined; auto?: ((turnOn: boolean) => ObjectId) | undefined; $conditionalHandlers?: { [x: string]: ((val: any, context: any) => any) | undefined; } | undefined; ... 23 more ...; validateAll?: ((validators: (RegExp | ... 1 more ... | ValidatorFunction<...>)[]) => ObjectId) | und...'.
src/services/trustScoreService.ts(13,5): error TS2769: No overload matches this call.
  Overload 1 of 2, '(filter?: _QueryFilter<{ _id: ObjectId; created_at: Date; $assertPopulated: <Paths = {}>(path: string | string[], values?: Partial<Paths> | undefined) => PopulateDocumentResult<IMatch, Paths, (Omit<...> & PopulatePathToRawDocType<...>)[] | ... 1 more ... | null, any>; ... 375 more ...; "employer_rating_id.validateAll": (validators: (RegExp | ... 1 more ... | ValidatorFunction<...>)[]) => ObjectId; }> | undefined, options?: (CountOptions & ... 2 more ... & Abortable) | ... 1 more ... | undefined): Query<...>', gave the following error.
    Type 'string' is not assignable to type 'StrictCondition<ApplyBasicQueryCasting<ObjectId>> | undefined'.
  Overload 2 of 2, '(filter?: Query<any, any, {}, unknown, "find", Record<string, never>> | undefined, options?: (CountOptions & Pick<QueryOptions<IMatch>, "timestamps" | ... 1 more ... | "lean"> & { ...; } & Abortable) | null | undefined): Query<...>', gave the following error.
    Object literal may only specify known properties, and 'worker_id' does not exist in type 'Query<any, any, {}, unknown, "find", Record<string, never>>'.
src/services/trustScoreService.ts(18,5): error TS2769: No overload matches this call.
  Overload 1 of 2, '(filter?: _QueryFilter<{ _id: ObjectId; created_at: Date; $assertPopulated: <Paths = {}>(path: string | string[], values?: Partial<Paths> | undefined) => PopulateDocumentResult<IMatch, Paths, (Omit<...> & PopulatePathToRawDocType<...>)[] | ... 1 more ... | null, any>; ... 375 more ...; "employer_rating_id.validateAll": (validators: (RegExp | ... 1 more ... | ValidatorFunction<...>)[]) => ObjectId; }> | undefined, options?: (CountOptions & ... 2 more ... & Abortable) | ... 1 more ... | undefined): Query<...>', gave the following error.
    Type 'string' is not assignable to type 'StrictCondition<ApplyBasicQueryCasting<ObjectId>> | undefined'.
  Overload 2 of 2, '(filter?: Query<any, any, {}, unknown, "find", Record<string, never>> | undefined, options?: (CountOptions & Pick<QueryOptions<IMatch>, "timestamps" | ... 1 more ... | "lean"> & { ...; } & Abortable) | null | undefined): Query<...>', gave the following error.
    Object literal may only specify known properties, and 'worker_id' does not exist in type 'Query<any, any, {}, unknown, "find", Record<string, never>>'.
src/services/trustScoreService.ts(25,45): error TS2769: No overload matches this call.
  Overload 1 of 4, '(filter?: _QueryFilter<{ _id: ObjectId; created_at: Date; $assertPopulated: <Paths = {}>(path: string | string[], values?: Partial<Paths> | undefined) => PopulateDocumentResult<IRatingWorker, Paths, (Omit<...> & PopulatePathToRawDocType<...>)[] | ... 1 more ... | null, any>; ... 309 more ...; "match_id.validateAll": (validators: (RegExp | ... 1 more ... | ValidatorFunction<...>)[]) => ObjectId; }> | undefined, projection?: ProjectionType<...> | ... 1 more ... | undefined, options?: (QueryOptions<...> & Abortable) | undefined): Query<...>', gave the following error.
    Type 'string' is not assignable to type 'StrictCondition<ApplyBasicQueryCasting<ObjectId>> | undefined'.
  Overload 2 of 4, '(filter?: Query<any, any, {}, unknown, "find", Record<string, never>> | undefined, projection?: ProjectionType<IRatingWorker> | null | undefined, options?: (QueryOptions<...> & Abortable) | undefined): Query<...>', gave the following error.
    Object literal may only specify known properties, and 'worker_id' does not exist in type 'Query<any, any, {}, unknown, "find", Record<string, never>>'.
src/services/trustScoreService.ts(60,47): error TS2769: No overload matches this call.
  Overload 1 of 4, '(filter?: _QueryFilter<{ _id: ObjectId; created_at: Date; $assertPopulated: <Paths = {}>(path: string | string[], values?: Partial<Paths> | undefined) => PopulateDocumentResult<IRatingEmployer, Paths, (Omit<...> & PopulatePathToRawDocType<...>)[] | ... 1 more ... | null, any>; ... 280 more ...; "match_id.validateAll": (validators: (RegExp | ... 1 more ... | ValidatorFunction<...>)[]) => ObjectId; }> | undefined, projection?: ProjectionType<...> | ... 1 more ... | undefined, options?: (QueryOptions<...> & Abortable) | undefined): Query<...>', gave the following error.
    Type 'string' is not assignable to type 'StrictCondition<ApplyBasicQueryCasting<ObjectId>> | undefined'.
  Overload 2 of 4, '(filter?: Query<any, any, {}, unknown, "find", Record<string, never>> | undefined, projection?: ProjectionType<IRatingEmployer> | null | undefined, options?: (QueryOptions<...> & Abortable) | undefined): Query<...>', gave the following error.
    Object literal may only specify known properties, and 'employer_id' does not exist in type 'Query<any, any, {}, unknown, "find", Record<string, never>>'.
